Archive member included to satisfy reference by file (symbol)

/opt/st/stm32cubeide_1.14.0/plugins/com.st.stm32cube.ide.mcu.externaltools.gnu-tools-for-stm32.12.3.rel1.linux64_1.0.100.202403111256/tools/bin/../lib/gcc/arm-none-eabi/12.3.1/../../../../arm-none-eabi/lib/thumb/v7e-m+fp/hard/libc_nano.a(libc_a-exit.o)
                              /opt/st/stm32cubeide_1.14.0/plugins/com.st.stm32cube.ide.mcu.externaltools.gnu-tools-for-stm32.12.3.rel1.linux64_1.0.100.202403111256/tools/bin/../lib/gcc/arm-none-eabi/12.3.1/../../../../arm-none-eabi/lib/thumb/v7e-m+fp/hard/crt0.o (exit)
/opt/st/stm32cubeide_1.14.0/plugins/com.st.stm32cube.ide.mcu.externaltools.gnu-tools-for-stm32.12.3.rel1.linux64_1.0.100.202403111256/tools/bin/../lib/gcc/arm-none-eabi/12.3.1/../../../../arm-none-eabi/lib/thumb/v7e-m+fp/hard/libc_nano.a(libc_a-findfp.o)
                              /opt/st/stm32cubeide_1.14.0/plugins/com.st.stm32cube.ide.mcu.externaltools.gnu-tools-for-stm32.12.3.rel1.linux64_1.0.100.202403111256/tools/bin/../lib/gcc/arm-none-eabi/12.3.1/../../../../arm-none-eabi/lib/thumb/v7e-m+fp/hard/libc_nano.a(libc_a-exit.o) (__stdio_exit_handler)
/opt/st/stm32cubeide_1.14.0/plugins/com.st.stm32cube.ide.mcu.externaltools.gnu-tools-for-stm32.12.3.rel1.linux64_1.0.100.202403111256/tools/bin/../lib/gcc/arm-none-eabi/12.3.1/../../../../arm-none-eabi/lib/thumb/v7e-m+fp/hard/libc_nano.a(libc_a-fwalk.o)
                              /opt/st/stm32cubeide_1.14.0/plugins/com.st.stm32cube.ide.mcu.externaltools.gnu-tools-for-stm32.12.3.rel1.linux64_1.0.100.202403111256/tools/bin/../lib/gcc/arm-none-eabi/12.3.1/../../../../arm-none-eabi/lib/thumb/v7e-m+fp/hard/libc_nano.a(libc_a-findfp.o) (_fwalk_sglue)
/opt/st/stm32cubeide_1.14.0/plugins/com.st.stm32cube.ide.mcu.externaltools.gnu-tools-for-stm32.12.3.rel1.linux64_1.0.100.202403111256/tools/bin/../lib/gcc/arm-none-eabi/12.3.1/../../../../arm-none-eabi/lib/thumb/v7e-m+fp/hard/libc_nano.a(libc_a-printf.o)
                              ./MEMS/App/app_mems.o (printf)
/opt/st/stm32cubeide_1.14.0/plugins/com.st.stm32cube.ide.mcu.externaltools.gnu-tools-for-stm32.12.3.rel1.linux64_1.0.100.202403111256/tools/bin/../lib/gcc/arm-none-eabi/12.3.1/../../../../arm-none-eabi/lib/thumb/v7e-m+fp/hard/libc_nano.a(libc_a-puts.o)
                              ./Core/Src/main.o (puts)
/opt/st/stm32cubeide_1.14.0/plugins/com.st.stm32cube.ide.mcu.externaltools.gnu-tools-for-stm32.12.3.rel1.linux64_1.0.100.202403111256/tools/bin/../lib/gcc/arm-none-eabi/12.3.1/../../../../arm-none-eabi/lib/thumb/v7e-m+fp/hard/libc_nano.a(libc_a-snprintf.o)
                              ./MEMS/App/app_mems.o (snprintf)
/opt/st/stm32cubeide_1.14.0/plugins/com.st.stm32cube.ide.mcu.externaltools.gnu-tools-for-stm32.12.3.rel1.linux64_1.0.100.202403111256/tools/bin/../lib/gcc/arm-none-eabi/12.3.1/../../../../arm-none-eabi/lib/thumb/v7e-m+fp/hard/libc_nano.a(libc_a-stdio.o)
                              /opt/st/stm32cubeide_1.14.0/plugins/com.st.stm32cube.ide.mcu.externaltools.gnu-tools-for-stm32.12.3.rel1.linux64_1.0.100.202403111256/tools/bin/../lib/gcc/arm-none-eabi/12.3.1/../../../../arm-none-eabi/lib/thumb/v7e-m+fp/hard/libc_nano.a(libc_a-findfp.o) (__sread)
/opt/st/stm32cubeide_1.14.0/plugins/com.st.stm32cube.ide.mcu.externaltools.gnu-tools-for-stm32.12.3.rel1.linux64_1.0.100.202403111256/tools/bin/../lib/gcc/arm-none-eabi/12.3.1/../../../../arm-none-eabi/lib/thumb/v7e-m+fp/hard/libc_nano.a(libc_a-wbuf.o)
                              /opt/st/stm32cubeide_1.14.0/plugins/com.st.stm32cube.ide.mcu.externaltools.gnu-tools-for-stm32.12.3.rel1.linux64_1.0.100.202403111256/tools/bin/../lib/gcc/arm-none-eabi/12.3.1/../../../../arm-none-eabi/lib/thumb/v7e-m+fp/hard/libc_nano.a(libc_a-puts.o) (__swbuf_r)
/opt/st/stm32cubeide_1.14.0/plugins/com.st.stm32cube.ide.mcu.externaltools.gnu-tools-for-stm32.12.3.rel1.linux64_1.0.100.202403111256/tools/bin/../lib/gcc/arm-none-eabi/12.3.1/../../../../arm-none-eabi/lib/thumb/v7e-m+fp/hard/libc_nano.a(libc_a-wsetup.o)
                              /opt/st/stm32cubeide_1.14.0/plugins/com.st.stm32cube.ide.mcu.externaltools.gnu-tools-for-stm32.12.3.rel1.linux64_1.0.100.202403111256/tools/bin/../lib/gcc/arm-none-eabi/12.3.1/../../../../arm-none-eabi/lib/thumb/v7e-m+fp/hard/libc_nano.a(libc_a-puts.o) (__swsetup_r)
/opt/st/stm32cubeide_1.14.0/plugins/com.st.stm32cube.ide.mcu.externaltools.gnu-tools-for-stm32.12.3.rel1.linux64_1.0.100.202403111256/tools/bin/../lib/gcc/arm-none-eabi/12.3.1/../../../../arm-none-eabi/lib/thumb/v7e-m+fp/hard/libc_nano.a(libc_a-memset.o)
                              /opt/st/stm32cubeide_1.14.0/plugins/com.st.stm32cube.ide.mcu.externaltools.gnu-tools-for-stm32.12.3.rel1.linux64_1.0.100.202403111256/tools/bin/../lib/gcc/arm-none-eabi/12.3.1/../../../../arm-none-eabi/lib/thumb/v7e-m+fp/hard/crt0.o (memset)
[...]
Memory Configuration

Name             Origin             Length             Attributes
RAM              0x20000000         0x00008000         xrw
FLASH            0x08000000         0x00020000         xr
*default*        0x00000000         0xffffffff

Linker script and memory map

LOAD /opt/st/stm32cubeide_1.14.0/plugins/com.st.stm32cube.ide.mcu.externaltools.gnu-tools-for-stm32.12.3.rel1.linux64_1.0.100.202403111256/tools/bin/../lib/gcc/arm-none-eabi/12.3.1/thumb/v7e-m+fp/hard/crti.o
LOAD /opt/st/stm32cubeide_1.14.0/plugins/com.st.stm32cube.ide.mcu.externaltools.gnu-tools-for-stm32.12.3.rel1.linux64_1.0.100.202403111256/tools/bin/../lib/gcc/arm-none-eabi/12.3.1/thumb/v7e-m+fp/hard/crtbegin.o
LOAD /opt/st/stm32cubeide_1.14.0/plugins/com.st.stm32cube.ide.mcu.externaltools.gnu-tools-for-stm32.12.3.rel1.linux64_1.0.100.202403111256/tools/bin/../lib/gcc/arm-none-eabi/12.3.1/../../../../arm-none-eabi/lib/thumb/v7e-m+fp/hard/crt0.o
LOAD ./Core/Src/main.o
LOAD ./Core/Src/stm32g4xx_hal_msp.o
LOAD ./Core/Src/stm32g4xx_it.o
LOAD ./Core/Src/stm32g4xx_nucleo_bus.o
LOAD ./Core/Src/syscalls.o
LOAD ./Core/Src/sysmem.o
LOAD ./Core/Src/system_stm32g4xx.o
LOAD ./Core/Startup/startup_stm32g431kbtx.o
LOAD ./Drivers/BSP/Components/lsm6dso/lsm6dso.o
LOAD ./Drivers/BSP/Components/lsm6dso/lsm6dso_reg.o
LOAD ./Drivers/BSP/STM32G4xx_Nucleo/stm32g4xx_nucleo.o
LOAD ./Drivers/STM32G4xx_HAL_Driver/Src/stm32g4xx_hal.o
LOAD ./Drivers/STM32G4xx_HAL_Driver/Src/stm32g4xx_hal_cortex.o
LOAD ./Drivers/STM32G4xx_HAL_Driver/Src/stm32g4xx_hal_dma.o
LOAD ./Drivers/STM32G4xx_HAL_Driver/Src/stm32g4xx_hal_dma_ex.o
LOAD ./Drivers/STM32G4xx_HAL_Driver/Src/stm32g4xx_hal_exti.o
LOAD ./Drivers/STM32G4xx_HAL_Driver/Src/stm32g4xx_hal_fdcan.o
LOAD ./Drivers/STM32G4xx_HAL_Driver/Src/stm32g4xx_hal_flash.o
LOAD ./Drivers/STM32G4xx_HAL_Driver/Src/stm32g4xx_hal_flash_ex.o
LOAD ./Drivers/STM32G4xx_HAL_Driver/Src/stm32g4xx_hal_flash_ramfunc.o
LOAD ./Drivers/STM32G4xx_HAL_Driver/Src/stm32g4xx_hal_gpio.o
LOAD ./Drivers/STM32G4xx_HAL_Driver/Src/stm32g4xx_hal_pwr.o
LOAD ./Drivers/STM32G4xx_HAL_Driver/Src/stm32g4xx_hal_pwr_ex.o
LOAD ./Drivers/STM32G4xx_HAL_Driver/Src/stm32g4xx_hal_rcc.o
LOAD ./Drivers/STM32G4xx_HAL_Driver/Src/stm32g4xx_hal_rcc_ex.o
LOAD ./Drivers/STM32G4xx_HAL_Driver/Src/stm32g4xx_hal_spi.o
LOAD ./Drivers/STM32G4xx_HAL_Driver/Src/stm32g4xx_hal_spi_ex.o
LOAD ./Drivers/STM32G4xx_HAL_Driver/Src/stm32g4xx_hal_tim.o
LOAD ./Drivers/STM32G4xx_HAL_Driver/Src/stm32g4xx_hal_tim_ex.o
LOAD ./Drivers/STM32G4xx_HAL_Driver/Src/stm32g4xx_hal_uart.o
LOAD ./Drivers/STM32G4xx_HAL_Driver/Src/stm32g4xx_hal_uart_ex.o
LOAD ./MEMS/App/app_mems.o
LOAD ./MEMS/Target/app_mems_int_pin_a_interface.o
LOAD ./MEMS/Target/custom_motion_sensors.o
LOAD ./MEMS/Target/custom_motion_sensors_ex.o
START GROUP
LOAD /opt/st/stm32cubeide_1.14.0/plugins/com.st.stm32cube.ide.mcu.externaltools.gnu-tools-for-stm32.12.3.rel1.linux64_1.0.100.202403111256/tools/bin/../lib/gcc/arm-none-eabi/12.3.1/../../../../arm-none-eabi/lib/thumb/v7e-m+fp/hard/libstdc++_nano.a
LOAD /opt/st/stm32cubeide_1.14.0/plugins/com.st.stm32cube.ide.mcu.externaltools.gnu-tools-for-stm32.12.3.rel1.linux64_1.0.100.202403111256/tools/bin/../lib/gcc/arm-none-eabi/12.3.1/../../../../arm-none-eabi/lib/thumb/v7e-m+fp/hard/libsupc++_nano.a
END GROUP
LOAD /opt/st/stm32cubeide_1.14.0/plugins/com.st.stm32cube.ide.mcu.externaltools.gnu-tools-for-stm32.12.3.rel1.linux64_1.0.100.202403111256/tools/bin/../lib/gcc/arm-none-eabi/12.3.1/../../../../arm-none-eabi/lib/thumb/v7e-m+fp/hard/libstdc++_nano.a
LOAD /opt/st/stm32cubeide_1.14.0/plugins/com.st.stm32cube.ide.mcu.externaltools.gnu-tools-for-stm32.12.3.rel1.linux64_1.0.100.202403111256/tools/bin/../lib/gcc/arm-none-eabi/12.3.1/../../../../arm-none-eabi/lib/thumb/v7e-m+fp/hard/libm.a
LOAD /opt/st/stm32cubeide_1.14.0/plugins/com.st.stm32cube.ide.mcu.externaltools.gnu-tools-for-stm32.12.3.rel1.linux64_1.0.100.202403111256/tools/bin/../lib/gcc/arm-none-eabi/12.3.1/../../../../arm-none-eabi/lib/thumb/v7e-m+fp/hard/libc_nano.a
START GROUP
LOAD /opt/st/stm32cubeide_1.14.0/plugins/com.st.stm32cube.ide.mcu.externaltools.gnu-tools-for-stm32.12.3.rel1.linux64_1.0.100.202403111256/tools/bin/../lib/gcc/arm-none-eabi/12.3.1/thumb/v7e-m+fp/hard/libgcc.a
LOAD /opt/st/stm32cubeide_1.14.0/plugins/com.st.stm32cube.ide.mcu.externaltools.gnu-tools-for-stm32.12.3.rel1.linux64_1.0.100.202403111256/tools/bin/../lib/gcc/arm-none-eabi/12.3.1/../../../../arm-none-eabi/lib/thumb/v7e-m+fp/hard/libc_nano.a
END GROUP
START GROUP
LOAD /opt/st/stm32cubeide_1.14.0/plugins/com.st.stm32cube.ide.mcu.externaltools.gnu-tools-for-stm32.12.3.rel1.linux64_1.0.100.202403111256/tools/bin/../lib/gcc/arm-none-eabi/12.3.1/thumb/v7e-m+fp/hard/libgcc.a
LOAD /opt/st/stm32cubeide_1.14.0/plugins/com.st.stm32cube.ide.mcu.externaltools.gnu-tools-for-stm32.12.3.rel1.linux64_1.0.100.202403111256/tools/bin/../lib/gcc/arm-none-eabi/12.3.1/../../../../arm-none-eabi/lib/thumb/v7e-m+fp/hard/libc_nano.a
LOAD /opt/st/stm32cubeide_1.14.0/plugins/com.st.stm32cube.ide.mcu.externaltools.gnu-tools-for-stm32.12.3.rel1.linux64_1.0.100.202403111256/tools/bin/../lib/gcc/arm-none-eabi/12.3.1/../../../../arm-none-eabi/lib/thumb/v7e-m+fp/hard/libnosys.a
END GROUP
START GROUP
LOAD /opt/st/stm32cubeide_1.14.0/plugins/com.st.stm32cube.ide.mcu.externaltools.gnu-tools-for-stm32.12.3.rel1.linux64_1.0.100.202403111256/tools/bin/../lib/gcc/arm-none-eabi/12.3.1/thumb/v7e-m+fp/hard/libgcc.a
LOAD /opt/st/stm32cubeide_1.14.0/plugins/com.st.stm32cube.ide.mcu.externaltools.gnu-tools-for-stm32.12.3.rel1.linux64_1.0.100.202403111256/tools/bin/../lib/gcc/arm-none-eabi/12.3.1/../../../../arm-none-eabi/lib/thumb/v7e-m+fp/hard/libc_nano.a
LOAD /opt/st/stm32cubeide_1.14.0/plugins/com.st.stm32cube.ide.mcu.externaltools.gnu-tools-for-stm32.12.3.rel1.linux64_1.0.100.202403111256/tools/bin/../lib/gcc/arm-none-eabi/12.3.1/../../../../arm-none-eabi/lib/thumb/v7e-m+fp/hard/libnosys.a
END GROUP
LOAD /opt/st/stm32cubeide_1.14.0/plugins/com.st.stm32cube.ide.mcu.externaltools.gnu-tools-for-stm32.12.3.rel1.linux64_1.0.100.202403111256/tools/bin/../lib/gcc/arm-none-eabi/12.3.1/thumb/v7e-m+fp/hard/crtend.o
LOAD /opt/st/stm32cubeide_1.14.0/plugins/com.st.stm32cube.ide.mcu.externaltools.gnu-tools-for-stm32.12.3.rel1.linux64_1.0.100.202403111256/tools/bin/../lib/gcc/arm-none-eabi/12.3.1/thumb/v7e-m+fp/hard/crtn.o
                0x20008000                        _estack = (ORIGIN (RAM) + LENGTH (RAM))
                0x00000200                        _Min_Heap_Size = 0x200
                0x00000400                        _Min_Stack_Size = 0x400

.isr_vector     0x08000000      0x1d8
                0x08000000                        . = ALIGN (0x4)
 *(.isr_vector)
 .isr_vector    0x08000000      0x1d8 ./Core/Startup/startup_stm32g431kbtx.o
                0x08000000                g_pfnVectors
                0x080001d8                        . = ALIGN (0x4)

.text           0x080001e0     0xa0d0
                0x080001e0                        . = ALIGN (0x4)
 *(.text)
 .text          0x080001e0       0x40 /opt/st/stm32cubeide_1.14.0/plugins/com.st.stm32cube.ide.mcu.externaltools.gnu-tools-for-stm32.12.3.rel1.linux64_1.0.100.202403111256/tools/bin/../lib/gcc/arm-none-eabi/12.3.1/thumb/v7e-m+fp/hard/crtbegin.o
 .text          0x08000220       0xa0 /opt/st/stm32cubeide_1.14.0/plugins/com.st.stm32cube.ide.mcu.externaltools.gnu-tools-for-stm32.12.3.rel1.linux64_1.0.100.202403111256/tools/bin/../lib/gcc/arm-none-eabi/12.3.1/../../../../arm-none-eabi/lib/thumb/v7e-m+fp/hard/libc_nano.a(libc_a-memchr.o)
                0x08000220                memchr
 .text          0x080002c0       0x30 /opt/st/stm32cubeide_1.14.0/plugins/com.st.stm32cube.ide.mcu.externaltools.gnu-tools-for-stm32.12.3.rel1.linux64_1.0.100.202403111256/tools/bin/../lib/gcc/arm-none-eabi/12.3.1/thumb/v7e-m+fp/hard/libgcc.a(_aeabi_uldivmod.o)
                0x080002c0                __aeabi_uldivmod
 .text          0x080002f0      0x2bc /opt/st/stm32cubeide_1.14.0/plugins/com.st.stm32cube.ide.mcu.externaltools.gnu-tools-for-stm32.12.3.rel1.linux64_1.0.100.202403111256/tools/bin/../lib/gcc/arm-none-eabi/12.3.1/thumb/v7e-m+fp/hard/libgcc.a(_udivmoddi4.o)
                0x080002f0                __udivmoddi4
 .text          0x080005ac        0x4 /opt/st/stm32cubeide_1.14.0/plugins/com.st.stm32cube.ide.mcu.externaltools.gnu-tools-for-stm32.12.3.rel1.linux64_1.0.100.202403111256/tools/bin/../lib/gcc/arm-none-eabi/12.3.1/thumb/v7e-m+fp/hard/libgcc.a(_dvmd_tls.o)
                0x080005ac                __aeabi_ldiv0
                0x080005ac                __aeabi_idiv0
 *(.text*)
 .text._write   0x080005b0       0x40 ./Core/Src/main.o
                0x080005b0                _write
 .text.main     0x080005f0       0x28 ./Core/Src/main.o
                0x080005f0                main
 .text.SystemClock_Config
                0x08000618       0x96 ./Core/Src/main.o
                0x08000618                SystemClock_Config
 *fill*         0x080006ae        0x2 
 .text.MX_FDCAN1_Init
                0x080006b0       0x8c ./Core/Src/main.o
 .text.MX_GPIO_Init
                0x0800073c       0xb8 ./Core/Src/main.o
 .text.Error_Handler
                0x080007f4        0xc ./Core/Src/main.o
                0x080007f4                Error_Handler
 .text.HAL_MspInit
                0x08000800       0x48 ./Core/Src/stm32g4xx_hal_msp.o
                0x08000800                HAL_MspInit
 .text.HAL_FDCAN_MspInit
                0x08000848       0xb4 ./Core/Src/stm32g4xx_hal_msp.o
                0x08000848                HAL_FDCAN_MspInit
 .text.NMI_Handler
                0x080008fc        0x8 ./Core/Src/stm32g4xx_it.o
                0x080008fc                NMI_Handler
 .text.HardFault_Handler
                0x08000904        0x8 ./Core/Src/stm32g4xx_it.o
                0x08000904                HardFault_Handler
 .text.MemManage_Handler
                0x0800090c        0x8 ./Core/Src/stm32g4xx_it.o
                0x0800090c                MemManage_Handler
 .text.BusFault_Handler
                0x08000914        0x8 ./Core/Src/stm32g4xx_it.o
                0x08000914                BusFault_Handler
 .text.UsageFault_Handler
                0x0800091c        0x8 ./Core/Src/stm32g4xx_it.o
                0x0800091c                UsageFault_Handler
 .text.SVC_Handler
                0x08000924        0xe ./Core/Src/stm32g4xx_it.o
                0x08000924                SVC_Handler
 .text.DebugMon_Handler
                0x08000932        0xe ./Core/Src/stm32g4xx_it.o
                0x08000932                DebugMon_Handler
 .text.PendSV_Handler
                0x08000940        0xe ./Core/Src/stm32g4xx_it.o
                0x08000940                PendSV_Handler
 .text.SysTick_Handler
                0x0800094e        0xc ./Core/Src/stm32g4xx_it.o
                0x0800094e                SysTick_Handler
 *fill*         0x0800095a        0x2 
 .text.EXTI1_IRQHandler
                0x0800095c       0x14 ./Core/Src/stm32g4xx_it.o
                0x0800095c                EXTI1_IRQHandler
 .text.EXTI9_5_IRQHandler
                0x08000970       0x14 ./Core/Src/stm32g4xx_it.o
                0x08000970                EXTI9_5_IRQHandler
 .text.BSP_SPI1_Init
                0x08000984       0x60 ./Core/Src/stm32g4xx_nucleo_bus.o
                0x08000984                BSP_SPI1_Init
 .text.BSP_SPI1_DeInit
                0x080009e4       0x50 ./Core/Src/stm32g4xx_nucleo_bus.o
                0x080009e4                BSP_SPI1_DeInit
 .text.BSP_SPI1_Send
                0x08000a34       0x38 ./Core/Src/stm32g4xx_nucleo_bus.o
                0x08000a34                BSP_SPI1_Send
 .text.BSP_SPI1_Recv
                0x08000a6c       0x38 ./Core/Src/stm32g4xx_nucleo_bus.o
                0x08000a6c                BSP_SPI1_Recv
 .text.BSP_GetTick
                0x08000aa4        0xe ./Core/Src/stm32g4xx_nucleo_bus.o
                0x08000aa4                BSP_GetTick
 *fill*         0x08000ab2        0x2 
 .text.MX_SPI1_Init
                0x08000ab4       0x84 ./Core/Src/stm32g4xx_nucleo_bus.o
                0x08000ab4                MX_SPI1_Init
 .text.SPI1_MspInit
                0x08000b38       0xa8 ./Core/Src/stm32g4xx_nucleo_bus.o
 .text.SPI1_MspDeInit
                0x08000be0       0x3c ./Core/Src/stm32g4xx_nucleo_bus.o
 .text._read    0x08000c1c       0x3a ./Core/Src/syscalls.o
                0x08000c1c                _read
 .text._close   0x08000c56       0x18 ./Core/Src/syscalls.o
                0x08000c56                _close
 .text._fstat   0x08000c6e       0x20 ./Core/Src/syscalls.o
                0x08000c6e                _fstat
 .text._isatty  0x08000c8e       0x16 ./Core/Src/syscalls.o
                0x08000c8e                _isatty
 .text._lseek   0x08000ca4       0x1a ./Core/Src/syscalls.o
                0x08000ca4                _lseek
 *fill*         0x08000cbe        0x2 
 .text._sbrk    0x08000cc0       0x6c ./Core/Src/sysmem.o
                0x08000cc0                _sbrk
 .text.SystemInit
                0x08000d2c       0x24 ./Core/Src/system_stm32g4xx.o
                0x08000d2c                SystemInit
 .text.Reset_Handler
                0x08000d50       0x50 ./Core/Startup/startup_stm32g431kbtx.o
                0x08000d50                Reset_Handler
 .text.Default_Handler
                0x08000da0        0x2 ./Core/Startup/startup_stm32g431kbtx.o
                0x08000da0                RTC_Alarm_IRQHandler
                0x08000da0                EXTI2_IRQHandler
                0x08000da0                TIM8_TRG_COM_IRQHandler
                0x08000da0                TIM8_CC_IRQHandler
                0x08000da0                TIM1_CC_IRQHandler
                0x08000da0                USB_HP_IRQHandler
                0x08000da0                CORDIC_IRQHandler
                0x08000da0                EXTI3_IRQHandler
                0x08000da0                I2C3_ER_IRQHandler
                0x08000da0                EXTI0_IRQHandler
                0x08000da0                I2C2_EV_IRQHandler
                0x08000da0                FPU_IRQHandler
                0x08000da0                FDCAN1_IT1_IRQHandler
                0x08000da0                TIM1_UP_TIM16_IRQHandler
                0x08000da0                ADC1_2_IRQHandler
                0x08000da0                SPI1_IRQHandler
                0x08000da0                TIM6_DAC_IRQHandler
                0x08000da0                TIM8_UP_IRQHandler
                0x08000da0                DMA2_Channel2_IRQHandler
                0x08000da0                DMA1_Channel4_IRQHandler
                0x08000da0                USART3_IRQHandler
                0x08000da0                TIM4_IRQHandler
                0x08000da0                DMA2_Channel1_IRQHandler
                0x08000da0                I2C1_EV_IRQHandler
                0x08000da0                DMA1_Channel6_IRQHandler
                0x08000da0                UART4_IRQHandler
                0x08000da0                DMA2_Channel4_IRQHandler
                0x08000da0                TIM3_IRQHandler
                0x08000da0                RCC_IRQHandler
                0x08000da0                DMA1_Channel1_IRQHandler
                0x08000da0                Default_Handler
                0x08000da0                RTC_TAMP_LSECSS_IRQHandler
                0x08000da0                FMAC_IRQHandler
                0x08000da0                EXTI15_10_IRQHandler
                0x08000da0                TIM7_IRQHandler
                0x08000da0                UCPD1_IRQHandler
                0x08000da0                I2C3_EV_IRQHandler
                0x08000da0                RTC_WKUP_IRQHandler
                0x08000da0                PVD_PVM_IRQHandler
                0x08000da0                SPI2_IRQHandler
                0x08000da0                DMA2_Channel5_IRQHandler
                0x08000da0                CRS_IRQHandler
                0x08000da0                DMA1_Channel5_IRQHandler
                0x08000da0                USB_LP_IRQHandler
                0x08000da0                EXTI4_IRQHandler
                0x08000da0                RNG_IRQHandler
                0x08000da0                TIM1_TRG_COM_TIM17_IRQHandler
                0x08000da0                DMA1_Channel3_IRQHandler
                0x08000da0                WWDG_IRQHandler
                0x08000da0                LPUART1_IRQHandler
                0x08000da0                DMA2_Channel6_IRQHandler
                0x08000da0                FDCAN1_IT0_IRQHandler
                0x08000da0                TIM2_IRQHandler
                0x08000da0                COMP1_2_3_IRQHandler
                0x08000da0                USART2_IRQHandler
                0x08000da0                I2C2_ER_IRQHandler
                0x08000da0                DMA1_Channel2_IRQHandler
                0x08000da0                TIM8_BRK_IRQHandler
                0x08000da0                FLASH_IRQHandler
                0x08000da0                USART1_IRQHandler
                0x08000da0                SPI3_IRQHandler
                0x08000da0                I2C1_ER_IRQHandler
                0x08000da0                LPTIM1_IRQHandler
                0x08000da0                DMAMUX_OVR_IRQHandler
                0x08000da0                USBWakeUp_IRQHandler
                0x08000da0                SAI1_IRQHandler
                0x08000da0                DMA2_Channel3_IRQHandler
                0x08000da0                COMP4_IRQHandler
                0x08000da0                TIM1_BRK_TIM15_IRQHandler
 *fill*         0x08000da2        0x2 
 .text.LSM6DSO_RegisterBusIO
                0x08000da4       0xd4 ./Drivers/BSP/Components/lsm6dso/lsm6dso.o
                0x08000da4                LSM6DSO_RegisterBusIO
 .text.LSM6DSO_Init
                0x08000e78       0xf2 ./Drivers/BSP/Components/lsm6dso/lsm6dso.o
                0x08000e78                LSM6DSO_Init
 .text.LSM6DSO_DeInit
                0x08000f6a       0x4e ./Drivers/BSP/Components/lsm6dso/lsm6dso.o
                0x08000f6a                LSM6DSO_DeInit
 .text.LSM6DSO_ReadID
                0x08000fb8       0x2c ./Drivers/BSP/Components/lsm6dso/lsm6dso.o
                0x08000fb8                LSM6DSO_ReadID
 .text.LSM6DSO_GetCapabilities
                0x08000fe4       0x5c ./Drivers/BSP/Components/lsm6dso/lsm6dso.o
                0x08000fe4                LSM6DSO_GetCapabilities
 .text.LSM6DSO_ACC_Enable
                0x08001040       0x48 ./Drivers/BSP/Components/lsm6dso/lsm6dso.o
                0x08001040                LSM6DSO_ACC_Enable
 .text.LSM6DSO_ACC_Disable
                0x08001088       0x5e ./Drivers/BSP/Components/lsm6dso/lsm6dso.o
                0x08001088                LSM6DSO_ACC_Disable
 *fill*         0x080010e6        0x2 
 .text.LSM6DSO_ACC_GetSensitivity
                0x080010e8       0x8c ./Drivers/BSP/Components/lsm6dso/lsm6dso.o
                0x080010e8                LSM6DSO_ACC_GetSensitivity
 .text.LSM6DSO_ACC_GetOutputDataRate
                0x08001174      0x108 ./Drivers/BSP/Components/lsm6dso/lsm6dso.o
                0x08001174                LSM6DSO_ACC_GetOutputDataRate
 .text.LSM6DSO_ACC_SetOutputDataRate
                0x0800127c       0x22 ./Drivers/BSP/Components/lsm6dso/lsm6dso.o
                0x0800127c                LSM6DSO_ACC_SetOutputDataRate
 *fill*         0x0800129e        0x2 
 .text.LSM6DSO_ACC_SetOutputDataRate_With_Mode
                0x080012a0      0x33c ./Drivers/BSP/Components/lsm6dso/lsm6dso.o
                0x080012a0                LSM6DSO_ACC_SetOutputDataRate_With_Mode
 .text.LSM6DSO_ACC_GetFullScale
                0x080015dc       0x7c ./Drivers/BSP/Components/lsm6dso/lsm6dso.o
                0x080015dc                LSM6DSO_ACC_GetFullScale
 .text.LSM6DSO_ACC_SetFullScale
                0x08001658       0x50 ./Drivers/BSP/Components/lsm6dso/lsm6dso.o
                0x08001658                LSM6DSO_ACC_SetFullScale
 .text.LSM6DSO_ACC_GetAxesRaw
                0x080016a8       0x48 ./Drivers/BSP/Components/lsm6dso/lsm6dso.o
                0x080016a8                LSM6DSO_ACC_GetAxesRaw
 .text.LSM6DSO_ACC_GetAxes
                0x080016f0       0xae ./Drivers/BSP/Components/lsm6dso/lsm6dso.o
                0x080016f0                LSM6DSO_ACC_GetAxes
 .text.LSM6DSO_GYRO_Enable
                0x0800179e       0x48 ./Drivers/BSP/Components/lsm6dso/lsm6dso.o
                0x0800179e                LSM6DSO_GYRO_Enable
 .text.LSM6DSO_GYRO_Disable
                0x080017e6       0x5e ./Drivers/BSP/Components/lsm6dso/lsm6dso.o
                0x080017e6                LSM6DSO_GYRO_Disable
 .text.LSM6DSO_GYRO_GetSensitivity
                0x08001844       0xa4 ./Drivers/BSP/Components/lsm6dso/lsm6dso.o
                0x08001844                LSM6DSO_GYRO_GetSensitivity
 .text.LSM6DSO_GYRO_GetOutputDataRate
                0x080018e8       0xf8 ./Drivers/BSP/Components/lsm6dso/lsm6dso.o
                0x080018e8                LSM6DSO_GYRO_GetOutputDataRate
 .text.LSM6DSO_GYRO_SetOutputDataRate
                0x080019e0       0x22 ./Drivers/BSP/Components/lsm6dso/lsm6dso.o
                0x080019e0                LSM6DSO_GYRO_SetOutputDataRate
 *fill*         0x08001a02        0x2 
 .text.LSM6DSO_GYRO_SetOutputDataRate_With_Mode
                0x08001a04      0x12c ./Drivers/BSP/Components/lsm6dso/lsm6dso.o
                0x08001a04                LSM6DSO_GYRO_SetOutputDataRate_With_Mode
 .text.LSM6DSO_GYRO_GetFullScale
                0x08001b30       0x94 ./Drivers/BSP/Components/lsm6dso/lsm6dso.o
                0x08001b30                LSM6DSO_GYRO_GetFullScale
 .text.LSM6DSO_GYRO_SetFullScale
                0x08001bc4       0x5e ./Drivers/BSP/Components/lsm6dso/lsm6dso.o
                0x08001bc4                LSM6DSO_GYRO_SetFullScale
 .text.LSM6DSO_GYRO_GetAxesRaw
                0x08001c22       0x48 ./Drivers/BSP/Components/lsm6dso/lsm6dso.o
                0x08001c22                LSM6DSO_GYRO_GetAxesRaw
 .text.LSM6DSO_GYRO_GetAxes
                0x08001c6a       0xa8 ./Drivers/BSP/Components/lsm6dso/lsm6dso.o
                0x08001c6a                LSM6DSO_GYRO_GetAxes
 .text.LSM6DSO_Write_Reg
                0x08001d12       0x36 ./Drivers/BSP/Components/lsm6dso/lsm6dso.o
                0x08001d12                LSM6DSO_Write_Reg
 .text.LSM6DSO_ACC_Enable_6D_Orientation
                0x08001d48      0x100 ./Drivers/BSP/Components/lsm6dso/lsm6dso.o
                0x08001d48                LSM6DSO_ACC_Enable_6D_Orientation
 .text.LSM6DSO_ACC_Get_6D_Orientation_XL
                0x08001e48       0x40 ./Drivers/BSP/Components/lsm6dso/lsm6dso.o
                0x08001e48                LSM6DSO_ACC_Get_6D_Orientation_XL
 .text.LSM6DSO_ACC_Get_6D_Orientation_XH
                0x08001e88       0x40 ./Drivers/BSP/Components/lsm6dso/lsm6dso.o
                0x08001e88                LSM6DSO_ACC_Get_6D_Orientation_XH
 .text.LSM6DSO_ACC_Get_6D_Orientation_YL
                0x08001ec8       0x40 ./Drivers/BSP/Components/lsm6dso/lsm6dso.o
                0x08001ec8                LSM6DSO_ACC_Get_6D_Orientation_YL
 .text.LSM6DSO_ACC_Get_6D_Orientation_YH
                0x08001f08       0x40 ./Drivers/BSP/Components/lsm6dso/lsm6dso.o
                0x08001f08                LSM6DSO_ACC_Get_6D_Orientation_YH
 .text.LSM6DSO_ACC_Get_6D_Orientation_ZL
                0x08001f48       0x40 ./Drivers/BSP/Components/lsm6dso/lsm6dso.o
                0x08001f48                LSM6DSO_ACC_Get_6D_Orientation_ZL
 .text.LSM6DSO_ACC_Get_6D_Orientation_ZH
                0x08001f88       0x40 ./Drivers/BSP/Components/lsm6dso/lsm6dso.o
                0x08001f88                LSM6DSO_ACC_Get_6D_Orientation_ZH
 .text.LSM6DSO_ACC_Get_Event_Status
                0x08001fc8      0x294 ./Drivers/BSP/Components/lsm6dso/lsm6dso.o
                0x08001fc8                LSM6DSO_ACC_Get_Event_Status
 .text.LSM6DSO_ACC_SetOutputDataRate_When_Enabled
                0x0800225c      0x130 ./Drivers/BSP/Components/lsm6dso/lsm6dso.o
 .text.LSM6DSO_ACC_SetOutputDataRate_When_Disabled
                0x0800238c      0x120 ./Drivers/BSP/Components/lsm6dso/lsm6dso.o
 .text.LSM6DSO_GYRO_SetOutputDataRate_When_Enabled
                0x080024ac      0x118 ./Drivers/BSP/Components/lsm6dso/lsm6dso.o
 .text.LSM6DSO_GYRO_SetOutputDataRate_When_Disabled
                0x080025c4      0x104 ./Drivers/BSP/Components/lsm6dso/lsm6dso.o
 .text.ReadRegWrap
                0x080026c8       0x36 ./Drivers/BSP/Components/lsm6dso/lsm6dso.o
 .text.WriteRegWrap
                0x080026fe       0x36 ./Drivers/BSP/Components/lsm6dso/lsm6dso.o
 .text.lsm6dso_read_reg
                0x08002734       0x30 ./Drivers/BSP/Components/lsm6dso/lsm6dso_reg.o
                0x08002734                lsm6dso_read_reg
 .text.lsm6dso_write_reg
                0x08002764       0x30 ./Drivers/BSP/Components/lsm6dso/lsm6dso_reg.o
                0x08002764                lsm6dso_write_reg
 .text.lsm6dso_xl_full_scale_set
                0x08002794       0x4c ./Drivers/BSP/Components/lsm6dso/lsm6dso_reg.o
                0x08002794                lsm6dso_xl_full_scale_set
 .text.lsm6dso_xl_full_scale_get
                0x080027e0       0x70 ./Drivers/BSP/Components/lsm6dso/lsm6dso_reg.o
                0x080027e0                lsm6dso_xl_full_scale_get
 .text.lsm6dso_xl_data_rate_set
                0x08002850      0x1f4 ./Drivers/BSP/Components/lsm6dso/lsm6dso_reg.o
                0x08002850                lsm6dso_xl_data_rate_set
 .text.lsm6dso_xl_data_rate_get
                0x08002a44       0xd0 ./Drivers/BSP/Components/lsm6dso/lsm6dso_reg.o
                0x08002a44                lsm6dso_xl_data_rate_get
 .text.lsm6dso_gy_full_scale_set
                0x08002b14       0x4c ./Drivers/BSP/Components/lsm6dso/lsm6dso_reg.o
                0x08002b14                lsm6dso_gy_full_scale_set
 .text.lsm6dso_gy_full_scale_get
                0x08002b60       0x84 ./Drivers/BSP/Components/lsm6dso/lsm6dso_reg.o
                0x08002b60                lsm6dso_gy_full_scale_get
 .text.lsm6dso_gy_data_rate_set
                0x08002be4      0x1f4 ./Drivers/BSP/Components/lsm6dso/lsm6dso_reg.o
                0x08002be4                lsm6dso_gy_data_rate_set
 .text.lsm6dso_gy_data_rate_get
                0x08002dd8       0xc4 ./Drivers/BSP/Components/lsm6dso/lsm6dso_reg.o
                0x08002dd8                lsm6dso_gy_data_rate_get
 .text.lsm6dso_block_data_update_set
                0x08002e9c       0x4c ./Drivers/BSP/Components/lsm6dso/lsm6dso_reg.o
                0x08002e9c                lsm6dso_block_data_update_set
 .text.lsm6dso_angular_rate_raw_get
                0x08002ee8       0x90 ./Drivers/BSP/Components/lsm6dso/lsm6dso_reg.o
                0x08002ee8                lsm6dso_angular_rate_raw_get
 .text.lsm6dso_acceleration_raw_get
                0x08002f78       0x90 ./Drivers/BSP/Components/lsm6dso/lsm6dso_reg.o
                0x08002f78                lsm6dso_acceleration_raw_get
 .text.lsm6dso_mem_bank_set
                0x08003008       0x3a ./Drivers/BSP/Components/lsm6dso/lsm6dso_reg.o
                0x08003008                lsm6dso_mem_bank_set
 .text.lsm6dso_device_id_get
                0x08003042       0x22 ./Drivers/BSP/Components/lsm6dso/lsm6dso_reg.o
                0x08003042                lsm6dso_device_id_get
 .text.lsm6dso_auto_increment_set
                0x08003064       0x4c ./Drivers/BSP/Components/lsm6dso/lsm6dso_reg.o
                0x08003064                lsm6dso_auto_increment_set
 .text.lsm6dso_i3c_disable_set
                0x080030b0       0x90 ./Drivers/BSP/Components/lsm6dso/lsm6dso_reg.o
                0x080030b0                lsm6dso_i3c_disable_set
 .text.lsm6dso_6d_threshold_set
                0x08003140       0x4c ./Drivers/BSP/Components/lsm6dso/lsm6dso_reg.o
                0x08003140                lsm6dso_6d_threshold_set
 .text.lsm6dso_fifo_mode_set
                0x0800318c       0x4c ./Drivers/BSP/Components/lsm6dso/lsm6dso_reg.o
                0x0800318c                lsm6dso_fifo_mode_set
 .text.lsm6dso_tilt_flag_data_ready_get
                0x080031d8       0x56 ./Drivers/BSP/Components/lsm6dso/lsm6dso_reg.o
                0x080031d8                lsm6dso_tilt_flag_data_ready_get
 .text.lsm6dso_fsm_enable_get
                0x0800322e       0x42 ./Drivers/BSP/Components/lsm6dso/lsm6dso_reg.o
                0x0800322e                lsm6dso_fsm_enable_get
 .text.lsm6dso_fsm_data_rate_get
                0x08003270       0x9c ./Drivers/BSP/Components/lsm6dso/lsm6dso_reg.o
                0x08003270                lsm6dso_fsm_data_rate_get
 .text.lsm6dso_pin_int1_route_set
                0x0800330c      0x74c ./Drivers/BSP/Components/lsm6dso/lsm6dso_reg.o
                0x0800330c                lsm6dso_pin_int1_route_set
 .text.lsm6dso_pin_int1_route_get
                0x08003a58      0x3e0 ./Drivers/BSP/Components/lsm6dso/lsm6dso_reg.o
                0x08003a58                lsm6dso_pin_int1_route_get
 .text.lsm6dso_pin_int2_route_set
                0x08003e38      0x6e4 ./Drivers/BSP/Components/lsm6dso/lsm6dso_reg.o
                0x08003e38                lsm6dso_pin_int2_route_set
 .text.lsm6dso_pin_int2_route_get
                0x0800451c      0x3d8 ./Drivers/BSP/Components/lsm6dso/lsm6dso_reg.o
                0x0800451c                lsm6dso_pin_int2_route_get
 .text.BSP_LED_Init
                0x080048f4       0x24 ./Drivers/BSP/STM32G4xx_Nucleo/stm32g4xx_nucleo.o
                0x080048f4                BSP_LED_Init
 .text.LED_USER_GPIO_Init
                0x08004918       0x80 ./Drivers/BSP/STM32G4xx_Nucleo/stm32g4xx_nucleo.o
 .text.BSP_PB_Init
                0x08004998       0xa8 ./Drivers/BSP/STM32G4xx_Nucleo/stm32g4xx_nucleo.o
                0x08004998                BSP_PB_Init
 .text.BSP_PB_GetState
                0x08004a40       0x34 ./Drivers/BSP/STM32G4xx_Nucleo/stm32g4xx_nucleo.o
                0x08004a40                BSP_PB_GetState
 .text.BUTTON_USER_EXTI_Callback
                0x08004a74        0xe ./Drivers/BSP/STM32G4xx_Nucleo/stm32g4xx_nucleo.o
 *fill*         0x08004a82        0x2 
 .text.BUTTON_USER_GPIO_Init
                0x08004a84       0x70 ./Drivers/BSP/STM32G4xx_Nucleo/stm32g4xx_nucleo.o
 .text.BSP_COM_Init
                0x08004af4       0x74 ./Drivers/BSP/STM32G4xx_Nucleo/stm32g4xx_nucleo.o
                0x08004af4                BSP_COM_Init
 .text.MX_USART2_UART_Init
                0x08004b68       0xa4 ./Drivers/BSP/STM32G4xx_Nucleo/stm32g4xx_nucleo.o
                0x08004b68                MX_USART2_UART_Init
 .text.USART2_MspInit
                0x08004c0c       0xa8 ./Drivers/BSP/STM32G4xx_Nucleo/stm32g4xx_nucleo.o
 .text.HAL_Init
                0x08004cb4       0x30 ./Drivers/STM32G4xx_HAL_Driver/Src/stm32g4xx_hal.o
                0x08004cb4                HAL_Init
 .text.HAL_InitTick
                0x08004ce4       0x74 ./Drivers/STM32G4xx_HAL_Driver/Src/stm32g4xx_hal.o
                0x08004ce4                HAL_InitTick
 .text.HAL_IncTick
                0x08004d58       0x24 ./Drivers/STM32G4xx_HAL_Driver/Src/stm32g4xx_hal.o
                0x08004d58                HAL_IncTick
 .text.HAL_GetTick
                0x08004d7c       0x18 ./Drivers/STM32G4xx_HAL_Driver/Src/stm32g4xx_hal.o
                0x08004d7c                HAL_GetTick
 .text.HAL_Delay
                0x08004d94       0x44 ./Drivers/STM32G4xx_HAL_Driver/Src/stm32g4xx_hal.o
                0x08004d94                HAL_Delay
 .text.__NVIC_SetPriorityGrouping
                0x08004dd8       0x48 ./Drivers/STM32G4xx_HAL_Driver/Src/stm32g4xx_hal_cortex.o
 .text.__NVIC_GetPriorityGrouping
                0x08004e20       0x1c ./Drivers/STM32G4xx_HAL_Driver/Src/stm32g4xx_hal_cortex.o
 .text.__NVIC_EnableIRQ
                0x08004e3c       0x3c ./Drivers/STM32G4xx_HAL_Driver/Src/stm32g4xx_hal_cortex.o
 .text.__NVIC_SetPriority
                0x08004e78       0x54 ./Drivers/STM32G4xx_HAL_Driver/Src/stm32g4xx_hal_cortex.o
 .text.NVIC_EncodePriority
                0x08004ecc       0x66 ./Drivers/STM32G4xx_HAL_Driver/Src/stm32g4xx_hal_cortex.o
 *fill*         0x08004f32        0x2 
 .text.SysTick_Config
                0x08004f34       0x44 ./Drivers/STM32G4xx_HAL_Driver/Src/stm32g4xx_hal_cortex.o
 .text.HAL_NVIC_SetPriorityGrouping
                0x08004f78       0x16 ./Drivers/STM32G4xx_HAL_Driver/Src/stm32g4xx_hal_cortex.o
                0x08004f78                HAL_NVIC_SetPriorityGrouping
 .text.HAL_NVIC_SetPriority
                0x08004f8e       0x34 ./Drivers/STM32G4xx_HAL_Driver/Src/stm32g4xx_hal_cortex.o
                0x08004f8e                HAL_NVIC_SetPriority
 .text.HAL_NVIC_EnableIRQ
                0x08004fc2       0x1c ./Drivers/STM32G4xx_HAL_Driver/Src/stm32g4xx_hal_cortex.o
                0x08004fc2                HAL_NVIC_EnableIRQ
 .text.HAL_SYSTICK_Config
                0x08004fde       0x18 ./Drivers/STM32G4xx_HAL_Driver/Src/stm32g4xx_hal_cortex.o
                0x08004fde                HAL_SYSTICK_Config
 .text.HAL_EXTI_RegisterCallback
                0x08004ff6       0x3a ./Drivers/STM32G4xx_HAL_Driver/Src/stm32g4xx_hal_exti.o
                0x08004ff6                HAL_EXTI_RegisterCallback
 .text.HAL_EXTI_GetHandle
                0x08005030       0x28 ./Drivers/STM32G4xx_HAL_Driver/Src/stm32g4xx_hal_exti.o
                0x08005030                HAL_EXTI_GetHandle
 .text.HAL_EXTI_IRQHandler
                0x08005058       0x60 ./Drivers/STM32G4xx_HAL_Driver/Src/stm32g4xx_hal_exti.o
                0x08005058                HAL_EXTI_IRQHandler
 .text.HAL_FDCAN_Init
                0x080050b8      0x2b4 ./Drivers/STM32G4xx_HAL_Driver/Src/stm32g4xx_hal_fdcan.o
                0x080050b8                HAL_FDCAN_Init
 .text.FDCAN_CalcultateRamBlockAddresses
                0x0800536c       0xac ./Drivers/STM32G4xx_HAL_Driver/Src/stm32g4xx_hal_fdcan.o
 .text.HAL_GPIO_Init
                0x08005418      0x304 ./Drivers/STM32G4xx_HAL_Driver/Src/stm32g4xx_hal_gpio.o
                0x08005418                HAL_GPIO_Init
 .text.HAL_GPIO_DeInit
                0x0800571c      0x1c4 ./Drivers/STM32G4xx_HAL_Driver/Src/stm32g4xx_hal_gpio.o
                0x0800571c                HAL_GPIO_DeInit
 .text.HAL_GPIO_ReadPin
                0x080058e0       0x30 ./Drivers/STM32G4xx_HAL_Driver/Src/stm32g4xx_hal_gpio.o
                0x080058e0                HAL_GPIO_ReadPin
 .text.HAL_GPIO_WritePin
                0x08005910       0x30 ./Drivers/STM32G4xx_HAL_Driver/Src/stm32g4xx_hal_gpio.o
                0x08005910                HAL_GPIO_WritePin
 .text.HAL_PWREx_ControlVoltageScaling
                0x08005940      0x148 ./Drivers/STM32G4xx_HAL_Driver/Src/stm32g4xx_hal_pwr_ex.o
                0x08005940                HAL_PWREx_ControlVoltageScaling
 .text.HAL_PWREx_DisableUCPDDeadBattery
                0x08005a88       0x20 ./Drivers/STM32G4xx_HAL_Driver/Src/stm32g4xx_hal_pwr_ex.o
                0x08005a88                HAL_PWREx_DisableUCPDDeadBattery
 .text.HAL_RCC_OscConfig
                0x08005aa8      0x624 ./Drivers/STM32G4xx_HAL_Driver/Src/stm32g4xx_hal_rcc.o
                0x08005aa8                HAL_RCC_OscConfig
 .text.HAL_RCC_ClockConfig
                0x080060cc      0x278 ./Drivers/STM32G4xx_HAL_Driver/Src/stm32g4xx_hal_rcc.o
                0x080060cc                HAL_RCC_ClockConfig
 .text.HAL_RCC_GetSysClockFreq
                0x08006344       0xc4 ./Drivers/STM32G4xx_HAL_Driver/Src/stm32g4xx_hal_rcc.o
                0x08006344                HAL_RCC_GetSysClockFreq
 .text.HAL_RCC_GetHCLKFreq
                0x08006408       0x18 ./Drivers/STM32G4xx_HAL_Driver/Src/stm32g4xx_hal_rcc.o
                0x08006408                HAL_RCC_GetHCLKFreq
 .text.HAL_RCC_GetPCLK1Freq
                0x08006420       0x2c ./Drivers/STM32G4xx_HAL_Driver/Src/stm32g4xx_hal_rcc.o
                0x08006420                HAL_RCC_GetPCLK1Freq
 .text.HAL_RCC_GetPCLK2Freq
                0x0800644c       0x2c ./Drivers/STM32G4xx_HAL_Driver/Src/stm32g4xx_hal_rcc.o
                0x0800644c                HAL_RCC_GetPCLK2Freq
 .text.RCC_GetSysClockFreqFromPLLSource
                0x08006478       0x8c ./Drivers/STM32G4xx_HAL_Driver/Src/stm32g4xx_hal_rcc.o
 .text.HAL_RCCEx_PeriphCLKConfig
                0x08006504      0x3e0 ./Drivers/STM32G4xx_HAL_Driver/Src/stm32g4xx_hal_rcc_ex.o
                0x08006504                HAL_RCCEx_PeriphCLKConfig
 .text.HAL_SPI_Init
                0x080068e4      0x156 ./Drivers/STM32G4xx_HAL_Driver/Src/stm32g4xx_hal_spi.o
                0x080068e4                HAL_SPI_Init
 .text.HAL_SPI_DeInit
                0x08006a3a       0x50 ./Drivers/STM32G4xx_HAL_Driver/Src/stm32g4xx_hal_spi.o
                0x08006a3a                HAL_SPI_DeInit
 .text.HAL_SPI_MspInit
                0x08006a8a       0x14 ./Drivers/STM32G4xx_HAL_Driver/Src/stm32g4xx_hal_spi.o
                0x08006a8a                HAL_SPI_MspInit
 .text.HAL_SPI_MspDeInit
                0x08006a9e       0x14 ./Drivers/STM32G4xx_HAL_Driver/Src/stm32g4xx_hal_spi.o
                0x08006a9e                HAL_SPI_MspDeInit
 .text.HAL_SPI_Transmit
                0x08006ab2      0x2ea ./Drivers/STM32G4xx_HAL_Driver/Src/stm32g4xx_hal_spi.o
                0x08006ab2                HAL_SPI_Transmit
 .text.HAL_SPI_Receive
                0x08006d9c      0x26e ./Drivers/STM32G4xx_HAL_Driver/Src/stm32g4xx_hal_spi.o
                0x08006d9c                HAL_SPI_Receive
 .text.HAL_SPI_TransmitReceive
                0x0800700a      0x444 ./Drivers/STM32G4xx_HAL_Driver/Src/stm32g4xx_hal_spi.o
                0x0800700a                HAL_SPI_TransmitReceive
 .text.HAL_SPI_GetState
                0x0800744e       0x1c ./Drivers/STM32G4xx_HAL_Driver/Src/stm32g4xx_hal_spi.o
                0x0800744e                HAL_SPI_GetState
 *fill*         0x0800746a        0x2 
 .text.SPI_WaitFlagStateUntilTimeout
                0x0800746c      0x110 ./Drivers/STM32G4xx_HAL_Driver/Src/stm32g4xx_hal_spi.o
 .text.SPI_WaitFifoStateUntilTimeout
                0x0800757c      0x12c ./Drivers/STM32G4xx_HAL_Driver/Src/stm32g4xx_hal_spi.o
 .text.SPI_EndRxTransaction
                0x080076a8       0xb0 ./Drivers/STM32G4xx_HAL_Driver/Src/stm32g4xx_hal_spi.o
 .text.SPI_EndRxTxTransaction
                0x08007758       0x8c ./Drivers/STM32G4xx_HAL_Driver/Src/stm32g4xx_hal_spi.o
 .text.HAL_UART_Init
                0x080077e4       0xa0 ./Drivers/STM32G4xx_HAL_Driver/Src/stm32g4xx_hal_uart.o
                0x080077e4                HAL_UART_Init
 .text.HAL_UART_MspInit
                0x08007884       0x14 ./Drivers/STM32G4xx_HAL_Driver/Src/stm32g4xx_hal_uart.o
                0x08007884                HAL_UART_MspInit
 .text.HAL_UART_Transmit
                0x08007898      0x11c ./Drivers/STM32G4xx_HAL_Driver/Src/stm32g4xx_hal_uart.o
                0x08007898                HAL_UART_Transmit
 .text.UART_SetConfig
                0x080079b4      0x598 ./Drivers/STM32G4xx_HAL_Driver/Src/stm32g4xx_hal_uart.o
                0x080079b4                UART_SetConfig
 .text.UART_AdvFeatureConfig
                0x08007f4c      0x144 ./Drivers/STM32G4xx_HAL_Driver/Src/stm32g4xx_hal_uart.o
                0x08007f4c                UART_AdvFeatureConfig
 .text.UART_CheckIdleState
                0x08008090      0x154 ./Drivers/STM32G4xx_HAL_Driver/Src/stm32g4xx_hal_uart.o
                0x08008090                UART_CheckIdleState
 .text.UART_WaitOnFlagUntilTimeout
                0x080081e4       0xda ./Drivers/STM32G4xx_HAL_Driver/Src/stm32g4xx_hal_uart.o
                0x080081e4                UART_WaitOnFlagUntilTimeout
 .text.UART_EndRxTransfer
                0x080082be       0xcc ./Drivers/STM32G4xx_HAL_Driver/Src/stm32g4xx_hal_uart.o
 .text.HAL_UARTEx_DisableFifoMode
                0x0800838a       0x72 ./Drivers/STM32G4xx_HAL_Driver/Src/stm32g4xx_hal_uart_ex.o
                0x0800838a                HAL_UARTEx_DisableFifoMode
 .text.HAL_UARTEx_SetTxFifoThreshold
                0x080083fc       0x7c ./Drivers/STM32G4xx_HAL_Driver/Src/stm32g4xx_hal_uart_ex.o
                0x080083fc                HAL_UARTEx_SetTxFifoThreshold
 .text.HAL_UARTEx_SetRxFifoThreshold
                0x08008478       0x7c ./Drivers/STM32G4xx_HAL_Driver/Src/stm32g4xx_hal_uart_ex.o
                0x08008478                HAL_UARTEx_SetRxFifoThreshold
 .text.UARTEx_SetNbDataToProcess
                0x080084f4       0x9c ./Drivers/STM32G4xx_HAL_Driver/Src/stm32g4xx_hal_uart_ex.o
 .text.MX_MEMS_Init
                0x08008590        0xc ./MEMS/App/app_mems.o
                0x08008590                MX_MEMS_Init
 .text.MX_MEMS_Process
                0x0800859c        0xc ./MEMS/App/app_mems.o
                0x0800859c                MX_MEMS_Process
 .text.MX_LSM6DSO_6DOrientation_Init
                0x080085a8       0x4c ./MEMS/App/app_mems.o
 .text.BSP_PB_Callback
                0x080085f4       0x20 ./MEMS/App/app_mems.o
                0x080085f4                BSP_PB_Callback
 .text.MX_LSM6DSO_6DOrientation_Process
                0x08008614       0x98 ./MEMS/App/app_mems.o
 .text.Send_Orientation
                0x080086ac      0x284 ./MEMS/App/app_mems.o
 .text.set_mems_int_pin_a_exti
                0x08008930       0x38 ./MEMS/Target/app_mems_int_pin_a_interface.o
                0x08008930                set_mems_int_pin_a_exti
 .text.mems_int_pin_a_hardware_event_isr
                0x08008968       0x18 ./MEMS/Target/app_mems_int_pin_a_interface.o
 .text.CUSTOM_MOTION_SENSOR_Init
                0x08008980      0x110 ./MEMS/Target/custom_motion_sensors.o
                0x08008980                CUSTOM_MOTION_SENSOR_Init
 .text.LSM6DSO_0_Probe
                0x08008a90      0x180 ./MEMS/Target/custom_motion_sensors.o
 .text.CUSTOM_LSM6DSO_0_Init
                0x08008c10       0x24 ./MEMS/Target/custom_motion_sensors.o
 .text.CUSTOM_LSM6DSO_0_DeInit
                0x08008c34       0x24 ./MEMS/Target/custom_motion_sensors.o
 .text.CUSTOM_LSM6DSO_0_WriteReg
                0x08008c58       0x70 ./MEMS/Target/custom_motion_sensors.o
 .text.CUSTOM_LSM6DSO_0_ReadReg
                0x08008cc8       0x7a ./MEMS/Target/custom_motion_sensors.o
 *fill*         0x08008d42        0x2 
 .text.CUSTOM_MOTION_SENSOR_Get_Event_Status
                0x08008d44       0x4c ./MEMS/Target/custom_motion_sensors_ex.o
                0x08008d44                CUSTOM_MOTION_SENSOR_Get_Event_Status
 .text.CUSTOM_MOTION_SENSOR_Enable_6D_Orientation
                0x08008d90       0x50 ./MEMS/Target/custom_motion_sensors_ex.o
                0x08008d90                CUSTOM_MOTION_SENSOR_Enable_6D_Orientation
 .text.CUSTOM_MOTION_SENSOR_Get_6D_Orientation_XL
                0x08008de0       0x4c ./MEMS/Target/custom_motion_sensors_ex.o
                0x08008de0                CUSTOM_MOTION_SENSOR_Get_6D_Orientation_XL
 .text.CUSTOM_MOTION_SENSOR_Get_6D_Orientation_XH
                0x08008e2c       0x4c ./MEMS/Target/custom_motion_sensors_ex.o
                0x08008e2c                CUSTOM_MOTION_SENSOR_Get_6D_Orientation_XH
 .text.CUSTOM_MOTION_SENSOR_Get_6D_Orientation_YL
                0x08008e78       0x4c ./MEMS/Target/custom_motion_sensors_ex.o
                0x08008e78                CUSTOM_MOTION_SENSOR_Get_6D_Orientation_YL
 .text.CUSTOM_MOTION_SENSOR_Get_6D_Orientation_YH
                0x08008ec4       0x4c ./MEMS/Target/custom_motion_sensors_ex.o
                0x08008ec4                CUSTOM_MOTION_SENSOR_Get_6D_Orientation_YH
 .text.CUSTOM_MOTION_SENSOR_Get_6D_Orientation_ZL
                0x08008f10       0x4c ./MEMS/Target/custom_motion_sensors_ex.o
                0x08008f10                CUSTOM_MOTION_SENSOR_Get_6D_Orientation_ZL
 .text.CUSTOM_MOTION_SENSOR_Get_6D_Orientation_ZH
                0x08008f5c       0x4c ./MEMS/Target/custom_motion_sensors_ex.o
                0x08008f5c                CUSTOM_MOTION_SENSOR_Get_6D_Orientation_ZH
 .text.std      0x08008fa8       0x6c /opt/st/stm32cubeide_1.14.0/plugins/com.st.stm32cube.ide.mcu.externaltools.gnu-tools-for-stm32.12.3.rel1.linux64_1.0.100.202403111256/tools/bin/../lib/gcc/arm-none-eabi/12.3.1/../../../../arm-none-eabi/lib/thumb/v7e-m+fp/hard/libc_nano.a(libc_a-findfp.o)
 .text.stdio_exit_handler
                0x08009014       0x18 /opt/st/stm32cubeide_1.14.0/plugins/com.st.stm32cube.ide.mcu.externaltools.gnu-tools-for-stm32.12.3.rel1.linux64_1.0.100.202403111256/tools/bin/../lib/gcc/arm-none-eabi/12.3.1/../../../../arm-none-eabi/lib/thumb/v7e-m+fp/hard/libc_nano.a(libc_a-findfp.o)
 .text.cleanup_stdio
                0x0800902c       0x40 /opt/st/stm32cubeide_1.14.0/plugins/com.st.stm32cube.ide.mcu.externaltools.gnu-tools-for-stm32.12.3.rel1.linux64_1.0.100.202403111256/tools/bin/../lib/gcc/arm-none-eabi/12.3.1/../../../../arm-none-eabi/lib/thumb/v7e-m+fp/hard/libc_nano.a(libc_a-findfp.o)
 .text.global_stdio_init.part.0
                0x0800906c       0x3c /opt/st/stm32cubeide_1.14.0/plugins/com.st.stm32cube.ide.mcu.externaltools.gnu-tools-for-stm32.12.3.rel1.linux64_1.0.100.202403111256/tools/bin/../lib/gcc/arm-none-eabi/12.3.1/../../../../arm-none-eabi/lib/thumb/v7e-m+fp/hard/libc_nano.a(libc_a-findfp.o)
 .text.__sfp_lock_acquire
                0x080090a8        0xc /opt/st/stm32cubeide_1.14.0/plugins/com.st.stm32cube.ide.mcu.externaltools.gnu-tools-for-stm32.12.3.rel1.linux64_1.0.100.202403111256/tools/bin/../lib/gcc/arm-none-eabi/12.3.1/../../../../arm-none-eabi/lib/thumb/v7e-m+fp/hard/libc_nano.a(libc_a-findfp.o)
                0x080090a8                __sfp_lock_acquire
 .text.__sfp_lock_release
                0x080090b4        0xc /opt/st/stm32cubeide_1.14.0/plugins/com.st.stm32cube.ide.mcu.externaltools.gnu-tools-for-stm32.12.3.rel1.linux64_1.0.100.202403111256/tools/bin/../lib/gcc/arm-none-eabi/12.3.1/../../../../arm-none-eabi/lib/thumb/v7e-m+fp/hard/libc_nano.a(libc_a-findfp.o)
                0x080090b4                __sfp_lock_release
 .text.__sinit  0x080090c0       0x30 /opt/st/stm32cubeide_1.14.0/plugins/com.st.stm32cube.ide.mcu.externaltools.gnu-tools-for-stm32.12.3.rel1.linux64_1.0.100.202403111256/tools/bin/../lib/gcc/arm-none-eabi/12.3.1/../../../../arm-none-eabi/lib/thumb/v7e-m+fp/hard/libc_nano.a(libc_a-findfp.o)
                0x080090c0                __sinit
 .text._fwalk_sglue
                0x080090f0       0x3c /opt/st/stm32cubeide_1.14.0/plugins/com.st.stm32cube.ide.mcu.externaltools.gnu-tools-for-stm32.12.3.rel1.linux64_1.0.100.202403111256/tools/bin/../lib/gcc/arm-none-eabi/12.3.1/../../../../arm-none-eabi/lib/thumb/v7e-m+fp/hard/libc_nano.a(libc_a-fwalk.o)
                0x080090f0                _fwalk_sglue
 .text.printf   0x0800912c       0x24 /opt/st/stm32cubeide_1.14.0/plugins/com.st.stm32cube.ide.mcu.externaltools.gnu-tools-for-stm32.12.3.rel1.linux64_1.0.100.202403111256/tools/bin/../lib/gcc/arm-none-eabi/12.3.1/../../../../arm-none-eabi/lib/thumb/v7e-m+fp/hard/libc_nano.a(libc_a-printf.o)
                0x0800912c                printf
                0x0800912c                iprintf
 .text._puts_r  0x08009150       0xaa /opt/st/stm32cubeide_1.14.0/plugins/com.st.stm32cube.ide.mcu.externaltools.gnu-tools-for-stm32.12.3.rel1.linux64_1.0.100.202403111256/tools/bin/../lib/gcc/arm-none-eabi/12.3.1/../../../../arm-none-eabi/lib/thumb/v7e-m+fp/hard/libc_nano.a(libc_a-puts.o)
                0x08009150                _puts_r
 *fill*         0x080091fa        0x2 
 .text.puts     0x080091fc       0x10 /opt/st/stm32cubeide_1.14.0/plugins/com.st.stm32cube.ide.mcu.externaltools.gnu-tools-for-stm32.12.3.rel1.linux64_1.0.100.202403111256/tools/bin/../lib/gcc/arm-none-eabi/12.3.1/../../../../arm-none-eabi/lib/thumb/v7e-m+fp/hard/libc_nano.a(libc_a-puts.o)
                0x080091fc                puts
 .text.snprintf
                0x0800920c       0x68 /opt/st/stm32cubeide_1.14.0/plugins/com.st.stm32cube.ide.mcu.externaltools.gnu-tools-for-stm32.12.3.rel1.linux64_1.0.100.202403111256/tools/bin/../lib/gcc/arm-none-eabi/12.3.1/../../../../arm-none-eabi/lib/thumb/v7e-m+fp/hard/libc_nano.a(libc_a-snprintf.o)
                0x0800920c                snprintf
                0x0800920c                sniprintf
 .text.__sread  0x08009274       0x22 /opt/st/stm32cubeide_1.14.0/plugins/com.st.stm32cube.ide.mcu.externaltools.gnu-tools-for-stm32.12.3.rel1.linux64_1.0.100.202403111256/tools/bin/../lib/gcc/arm-none-eabi/12.3.1/../../../../arm-none-eabi/lib/thumb/v7e-m+fp/hard/libc_nano.a(libc_a-stdio.o)
                0x08009274                __sread
 .text.__swrite
                0x08009296       0x38 /opt/st/stm32cubeide_1.14.0/plugins/com.st.stm32cube.ide.mcu.externaltools.gnu-tools-for-stm32.12.3.rel1.linux64_1.0.100.202403111256/tools/bin/../lib/gcc/arm-none-eabi/12.3.1/../../../../arm-none-eabi/lib/thumb/v7e-m+fp/hard/libc_nano.a(libc_a-stdio.o)
                0x08009296                __swrite
 .text.__sseek  0x080092ce       0x24 /opt/st/stm32cubeide_1.14.0/plugins/com.st.stm32cube.ide.mcu.externaltools.gnu-tools-for-stm32.12.3.rel1.linux64_1.0.100.202403111256/tools/bin/../lib/gcc/arm-none-eabi/12.3.1/../../../../arm-none-eabi/lib/thumb/v7e-m+fp/hard/libc_nano.a(libc_a-stdio.o)
                0x080092ce                __sseek
 .text.__sclose
                0x080092f2        0x8 /opt/st/stm32cubeide_1.14.0/plugins/com.st.stm32cube.ide.mcu.externaltools.gnu-tools-for-stm32.12.3.rel1.linux64_1.0.100.202403111256/tools/bin/../lib/gcc/arm-none-eabi/12.3.1/../../../../arm-none-eabi/lib/thumb/v7e-m+fp/hard/libc_nano.a(libc_a-stdio.o)
                0x080092f2                __sclose
 .text.__swbuf_r
                0x080092fa       0x7c /opt/st/stm32cubeide_1.14.0/plugins/com.st.stm32cube.ide.mcu.externaltools.gnu-tools-for-stm32.12.3.rel1.linux64_1.0.100.202403111256/tools/bin/../lib/gcc/arm-none-eabi/12.3.1/../../../../arm-none-eabi/lib/thumb/v7e-m+fp/hard/libc_nano.a(libc_a-wbuf.o)
                0x080092fa                __swbuf_r
 *fill*         0x08009376        0x2 
 .text.__swsetup_r
                0x08009378       0xac /opt/st/stm32cubeide_1.14.0/plugins/com.st.stm32cube.ide.mcu.externaltools.gnu-tools-for-stm32.12.3.rel1.linux64_1.0.100.202403111256/tools/bin/../lib/gcc/arm-none-eabi/12.3.1/../../../../arm-none-eabi/lib/thumb/v7e-m+fp/hard/libc_nano.a(libc_a-wsetup.o)
                0x08009378                __swsetup_r
 .text.memset   0x08009424       0x10 /opt/st/stm32cubeide_1.14.0/plugins/com.st.stm32cube.ide.mcu.externaltools.gnu-tools-for-stm32.12.3.rel1.linux64_1.0.100.202403111256/tools/bin/../lib/gcc/arm-none-eabi/12.3.1/../../../../arm-none-eabi/lib/thumb/v7e-m+fp/hard/libc_nano.a(libc_a-memset.o)
                0x08009424                memset
 .text._close_r
                0x08009434       0x20 /opt/st/stm32cubeide_1.14.0/plugins/com.st.stm32cube.ide.mcu.externaltools.gnu-tools-for-stm32.12.3.rel1.linux64_1.0.100.202403111256/tools/bin/../lib/gcc/arm-none-eabi/12.3.1/../../../../arm-none-eabi/lib/thumb/v7e-m+fp/hard/libc_nano.a(libc_a-closer.o)
                0x08009434                _close_r
 .text._lseek_r
                0x08009454       0x24 /opt/st/stm32cubeide_1.14.0/plugins/com.st.stm32cube.ide.mcu.externaltools.gnu-tools-for-stm32.12.3.rel1.linux64_1.0.100.202403111256/tools/bin/../lib/gcc/arm-none-eabi/12.3.1/../../../../arm-none-eabi/lib/thumb/v7e-m+fp/hard/libc_nano.a(libc_a-lseekr.o)
                0x08009454                _lseek_r
 .text._read_r  0x08009478       0x24 /opt/st/stm32cubeide_1.14.0/plugins/com.st.stm32cube.ide.mcu.externaltools.gnu-tools-for-stm32.12.3.rel1.linux64_1.0.100.202403111256/tools/bin/../lib/gcc/arm-none-eabi/12.3.1/../../../../arm-none-eabi/lib/thumb/v7e-m+fp/hard/libc_nano.a(libc_a-readr.o)
                0x08009478                _read_r
 .text._write_r
                0x0800949c       0x24 /opt/st/stm32cubeide_1.14.0/plugins/com.st.stm32cube.ide.mcu.externaltools.gnu-tools-for-stm32.12.3.rel1.linux64_1.0.100.202403111256/tools/bin/../lib/gcc/arm-none-eabi/12.3.1/../../../../arm-none-eabi/lib/thumb/v7e-m+fp/hard/libc_nano.a(libc_a-writer.o)
                0x0800949c                _write_r
 .text.__errno  0x080094c0        0xc /opt/st/stm32cubeide_1.14.0/plugins/com.st.stm32cube.ide.mcu.externaltools.gnu-tools-for-stm32.12.3.rel1.linux64_1.0.100.202403111256/tools/bin/../lib/gcc/arm-none-eabi/12.3.1/../../../../arm-none-eabi/lib/thumb/v7e-m+fp/hard/libc_nano.a(libc_a-errno.o)
                0x080094c0                __errno
 .text.__libc_init_array
                0x080094cc       0x48 /opt/st/stm32cubeide_1.14.0/plugins/com.st.stm32cube.ide.mcu.externaltools.gnu-tools-for-stm32.12.3.rel1.linux64_1.0.100.202403111256/tools/bin/../lib/gcc/arm-none-eabi/12.3.1/../../../../arm-none-eabi/lib/thumb/v7e-m+fp/hard/libc_nano.a(libc_a-init.o)
                0x080094cc                __libc_init_array
 .text.__retarget_lock_init_recursive
                0x08009514        0x2 /opt/st/stm32cubeide_1.14.0/plugins/com.st.stm32cube.ide.mcu.externaltools.gnu-tools-for-stm32.12.3.rel1.linux64_1.0.100.202403111256/tools/bin/../lib/gcc/arm-none-eabi/12.3.1/../../../../arm-none-eabi/lib/thumb/v7e-m+fp/hard/libc_nano.a(libc_a-lock.o)
                0x08009514                __retarget_lock_init_recursive
 .text.__retarget_lock_acquire_recursive
                0x08009516        0x2 /opt/st/stm32cubeide_1.14.0/plugins/com.st.stm32cube.ide.mcu.externaltools.gnu-tools-for-stm32.12.3.rel1.linux64_1.0.100.202403111256/tools/bin/../lib/gcc/arm-none-eabi/12.3.1/../../../../arm-none-eabi/lib/thumb/v7e-m+fp/hard/libc_nano.a(libc_a-lock.o)
                0x08009516                __retarget_lock_acquire_recursive
 .text.__retarget_lock_release_recursive
                0x08009518        0x2 /opt/st/stm32cubeide_1.14.0/plugins/com.st.stm32cube.ide.mcu.externaltools.gnu-tools-for-stm32.12.3.rel1.linux64_1.0.100.202403111256/tools/bin/../lib/gcc/arm-none-eabi/12.3.1/../../../../arm-none-eabi/lib/thumb/v7e-m+fp/hard/libc_nano.a(libc_a-lock.o)
                0x08009518                __retarget_lock_release_recursive
 *fill*         0x0800951a        0x2 
 .text._free_r  0x0800951c       0x94 /opt/st/stm32cubeide_1.14.0/plugins/com.st.stm32cube.ide.mcu.externaltools.gnu-tools-for-stm32.12.3.rel1.linux64_1.0.100.202403111256/tools/bin/../lib/gcc/arm-none-eabi/12.3.1/../../../../arm-none-eabi/lib/thumb/v7e-m+fp/hard/libc_nano.a(libc_a-freer.o)
                0x0800951c                _free_r
 .text.sbrk_aligned
                0x080095b0       0x44 /opt/st/stm32cubeide_1.14.0/plugins/com.st.stm32cube.ide.mcu.externaltools.gnu-tools-for-stm32.12.3.rel1.linux64_1.0.100.202403111256/tools/bin/../lib/gcc/arm-none-eabi/12.3.1/../../../../arm-none-eabi/lib/thumb/v7e-m+fp/hard/libc_nano.a(libc_a-mallocr.o)
 .text._malloc_r
                0x080095f4      0x100 /opt/st/stm32cubeide_1.14.0/plugins/com.st.stm32cube.ide.mcu.externaltools.gnu-tools-for-stm32.12.3.rel1.linux64_1.0.100.202403111256/tools/bin/../lib/gcc/arm-none-eabi/12.3.1/../../../../arm-none-eabi/lib/thumb/v7e-m+fp/hard/libc_nano.a(libc_a-mallocr.o)
                0x080095f4                _malloc_r
 .text.__malloc_lock
                0x080096f4        0xc /opt/st/stm32cubeide_1.14.0/plugins/com.st.stm32cube.ide.mcu.externaltools.gnu-tools-for-stm32.12.3.rel1.linux64_1.0.100.202403111256/tools/bin/../lib/gcc/arm-none-eabi/12.3.1/../../../../arm-none-eabi/lib/thumb/v7e-m+fp/hard/libc_nano.a(libc_a-mlock.o)
                0x080096f4                __malloc_lock
 .text.__malloc_unlock
                0x08009700        0xc /opt/st/stm32cubeide_1.14.0/plugins/com.st.stm32cube.ide.mcu.externaltools.gnu-tools-for-stm32.12.3.rel1.linux64_1.0.100.202403111256/tools/bin/../lib/gcc/arm-none-eabi/12.3.1/../../../../arm-none-eabi/lib/thumb/v7e-m+fp/hard/libc_nano.a(libc_a-mlock.o)
                0x08009700                __malloc_unlock
 .text.__ssputs_r
                0x0800970c       0xb6 /opt/st/stm32cubeide_1.14.0/plugins/com.st.stm32cube.ide.mcu.externaltools.gnu-tools-for-stm32.12.3.rel1.linux64_1.0.100.202403111256/tools/bin/../lib/gcc/arm-none-eabi/12.3.1/../../../../arm-none-eabi/lib/thumb/v7e-m+fp/hard/libc_nano.a(libc_a-nano-svfprintf.o)
                0x0800970c                __ssputs_r
 *fill*         0x080097c2        0x2 
 .text._svfprintf_r
                0x080097c4      0x1f8 /opt/st/stm32cubeide_1.14.0/plugins/com.st.stm32cube.ide.mcu.externaltools.gnu-tools-for-stm32.12.3.rel1.linux64_1.0.100.202403111256/tools/bin/../lib/gcc/arm-none-eabi/12.3.1/../../../../arm-none-eabi/lib/thumb/v7e-m+fp/hard/libc_nano.a(libc_a-nano-svfprintf.o)
                0x080097c4                _svfprintf_r
                0x080097c4                _svfiprintf_r
 .text.__sfputc_r
                0x080099bc       0x2e /opt/st/stm32cubeide_1.14.0/plugins/com.st.stm32cube.ide.mcu.externaltools.gnu-tools-for-stm32.12.3.rel1.linux64_1.0.100.202403111256/tools/bin/../lib/gcc/arm-none-eabi/12.3.1/../../../../arm-none-eabi/lib/thumb/v7e-m+fp/hard/libc_nano.a(libc_a-nano-vfprintf.o)
 .text.__sfputs_r
                0x080099ea       0x24 /opt/st/stm32cubeide_1.14.0/plugins/com.st.stm32cube.ide.mcu.externaltools.gnu-tools-for-stm32.12.3.rel1.linux64_1.0.100.202403111256/tools/bin/../lib/gcc/arm-none-eabi/12.3.1/../../../../arm-none-eabi/lib/thumb/v7e-m+fp/hard/libc_nano.a(libc_a-nano-vfprintf.o)
                0x080099ea                __sfputs_r
 *fill*         0x08009a0e        0x2 
 .text._vfprintf_r
                0x08009a10      0x230 /opt/st/stm32cubeide_1.14.0/plugins/com.st.stm32cube.ide.mcu.externaltools.gnu-tools-for-stm32.12.3.rel1.linux64_1.0.100.202403111256/tools/bin/../lib/gcc/arm-none-eabi/12.3.1/../../../../arm-none-eabi/lib/thumb/v7e-m+fp/hard/libc_nano.a(libc_a-nano-vfprintf.o)
                0x08009a10                _vfiprintf_r
                0x08009a10                _vfprintf_r
 .text._printf_common
                0x08009c40       0xda /opt/st/stm32cubeide_1.14.0/plugins/com.st.stm32cube.ide.mcu.externaltools.gnu-tools-for-stm32.12.3.rel1.linux64_1.0.100.202403111256/tools/bin/../lib/gcc/arm-none-eabi/12.3.1/../../../../arm-none-eabi/lib/thumb/v7e-m+fp/hard/libc_nano.a(libc_a-nano-vfprintf_i.o)
                0x08009c40                _printf_common
 *fill*         0x08009d1a        0x2 
 .text._printf_i
                0x08009d1c      0x240 /opt/st/stm32cubeide_1.14.0/plugins/com.st.stm32cube.ide.mcu.externaltools.gnu-tools-for-stm32.12.3.rel1.linux64_1.0.100.202403111256/tools/bin/../lib/gcc/arm-none-eabi/12.3.1/../../../../arm-none-eabi/lib/thumb/v7e-m+fp/hard/libc_nano.a(libc_a-nano-vfprintf_i.o)
                0x08009d1c                _printf_i
 .text.__sflush_r
                0x08009f5c      0x108 /opt/st/stm32cubeide_1.14.0/plugins/com.st.stm32cube.ide.mcu.externaltools.gnu-tools-for-stm32.12.3.rel1.linux64_1.0.100.202403111256/tools/bin/../lib/gcc/arm-none-eabi/12.3.1/../../../../arm-none-eabi/lib/thumb/v7e-m+fp/hard/libc_nano.a(libc_a-fflush.o)
                0x08009f5c                __sflush_r
 .text._fflush_r
                0x0800a064       0x50 /opt/st/stm32cubeide_1.14.0/plugins/com.st.stm32cube.ide.mcu.externaltools.gnu-tools-for-stm32.12.3.rel1.linux64_1.0.100.202403111256/tools/bin/../lib/gcc/arm-none-eabi/12.3.1/../../../../arm-none-eabi/lib/thumb/v7e-m+fp/hard/libc_nano.a(libc_a-fflush.o)
                0x0800a064                _fflush_r
 .text.__swhatbuf_r
                0x0800a0b4       0x4c /opt/st/stm32cubeide_1.14.0/plugins/com.st.stm32cube.ide.mcu.externaltools.gnu-tools-for-stm32.12.3.rel1.linux64_1.0.100.202403111256/tools/bin/../lib/gcc/arm-none-eabi/12.3.1/../../../../arm-none-eabi/lib/thumb/v7e-m+fp/hard/libc_nano.a(libc_a-makebuf.o)
                0x0800a0b4                __swhatbuf_r
 .text.__smakebuf_r
                0x0800a100       0x78 /opt/st/stm32cubeide_1.14.0/plugins/com.st.stm32cube.ide.mcu.externaltools.gnu-tools-for-stm32.12.3.rel1.linux64_1.0.100.202403111256/tools/bin/../lib/gcc/arm-none-eabi/12.3.1/../../../../arm-none-eabi/lib/thumb/v7e-m+fp/hard/libc_nano.a(libc_a-makebuf.o)
                0x0800a100                __smakebuf_r
 .text.memmove  0x0800a178       0x34 /opt/st/stm32cubeide_1.14.0/plugins/com.st.stm32cube.ide.mcu.externaltools.gnu-tools-for-stm32.12.3.rel1.linux64_1.0.100.202403111256/tools/bin/../lib/gcc/arm-none-eabi/12.3.1/../../../../arm-none-eabi/lib/thumb/v7e-m+fp/hard/libc_nano.a(libc_a-memmove.o)
                0x0800a178                memmove
 .text._fstat_r
                0x0800a1ac       0x24 /opt/st/stm32cubeide_1.14.0/plugins/com.st.stm32cube.ide.mcu.externaltools.gnu-tools-for-stm32.12.3.rel1.linux64_1.0.100.202403111256/tools/bin/../lib/gcc/arm-none-eabi/12.3.1/../../../../arm-none-eabi/lib/thumb/v7e-m+fp/hard/libc_nano.a(libc_a-fstatr.o)
                0x0800a1ac                _fstat_r
 .text._isatty_r
                0x0800a1d0       0x20 /opt/st/stm32cubeide_1.14.0/plugins/com.st.stm32cube.ide.mcu.externaltools.gnu-tools-for-stm32.12.3.rel1.linux64_1.0.100.202403111256/tools/bin/../lib/gcc/arm-none-eabi/12.3.1/../../../../arm-none-eabi/lib/thumb/v7e-m+fp/hard/libc_nano.a(libc_a-isattyr.o)
                0x0800a1d0                _isatty_r
 .text._sbrk_r  0x0800a1f0       0x20 /opt/st/stm32cubeide_1.14.0/plugins/com.st.stm32cube.ide.mcu.externaltools.gnu-tools-for-stm32.12.3.rel1.linux64_1.0.100.202403111256/tools/bin/../lib/gcc/arm-none-eabi/12.3.1/../../../../arm-none-eabi/lib/thumb/v7e-m+fp/hard/libc_nano.a(libc_a-sbrkr.o)
                0x0800a1f0                _sbrk_r
 .text.memcpy   0x0800a210       0x1c /opt/st/stm32cubeide_1.14.0/plugins/com.st.stm32cube.ide.mcu.externaltools.gnu-tools-for-stm32.12.3.rel1.linux64_1.0.100.202403111256/tools/bin/../lib/gcc/arm-none-eabi/12.3.1/../../../../arm-none-eabi/lib/thumb/v7e-m+fp/hard/libc_nano.a(libc_a-memcpy-stub.o)
                0x0800a210                memcpy
 .text._realloc_r
                0x0800a22c       0x5c /opt/st/stm32cubeide_1.14.0/plugins/com.st.stm32cube.ide.mcu.externaltools.gnu-tools-for-stm32.12.3.rel1.linux64_1.0.100.202403111256/tools/bin/../lib/gcc/arm-none-eabi/12.3.1/../../../../arm-none-eabi/lib/thumb/v7e-m+fp/hard/libc_nano.a(libc_a-reallocr.o)
                0x0800a22c                _realloc_r
 .text._malloc_usable_size_r
                0x0800a288       0x10 /opt/st/stm32cubeide_1.14.0/plugins/com.st.stm32cube.ide.mcu.externaltools.gnu-tools-for-stm32.12.3.rel1.linux64_1.0.100.202403111256/tools/bin/../lib/gcc/arm-none-eabi/12.3.1/../../../../arm-none-eabi/lib/thumb/v7e-m+fp/hard/libc_nano.a(libc_a-msizer.o)
                0x0800a288                _malloc_usable_size_r
 *(.glue_7)
 .glue_7        0x0800a298        0x0 linker stubs
 *(.glue_7t)
 .glue_7t       0x0800a298        0x0 linker stubs
 *(.eh_frame)
 .eh_frame      0x0800a298        0x0 /opt/st/stm32cubeide_1.14.0/plugins/com.st.stm32cube.ide.mcu.externaltools.gnu-tools-for-stm32.12.3.rel1.linux64_1.0.100.202403111256/tools/bin/../lib/gcc/arm-none-eabi/12.3.1/thumb/v7e-m+fp/hard/crtbegin.o
 *(.init)
 .init          0x0800a298        0x4 /opt/st/stm32cubeide_1.14.0/plugins/com.st.stm32cube.ide.mcu.externaltools.gnu-tools-for-stm32.12.3.rel1.linux64_1.0.100.202403111256/tools/bin/../lib/gcc/arm-none-eabi/12.3.1/thumb/v7e-m+fp/hard/crti.o
                0x0800a298                _init
 .init          0x0800a29c        0x8 /opt/st/stm32cubeide_1.14.0/plugins/com.st.stm32cube.ide.mcu.externaltools.gnu-tools-for-stm32.12.3.rel1.linux64_1.0.100.202403111256/tools/bin/../lib/gcc/arm-none-eabi/12.3.1/thumb/v7e-m+fp/hard/crtn.o
 *(.fini)
 .fini          0x0800a2a4        0x4 /opt/st/stm32cubeide_1.14.0/plugins/com.st.stm32cube.ide.mcu.externaltools.gnu-tools-for-stm32.12.3.rel1.linux64_1.0.100.202403111256/tools/bin/../lib/gcc/arm-none-eabi/12.3.1/thumb/v7e-m+fp/hard/crti.o
                0x0800a2a4                _fini
 .fini          0x0800a2a8        0x8 /opt/st/stm32cubeide_1.14.0/plugins/com.st.stm32cube.ide.mcu.externaltools.gnu-tools-for-stm32.12.3.rel1.linux64_1.0.100.202403111256/tools/bin/../lib/gcc/arm-none-eabi/12.3.1/thumb/v7e-m+fp/hard/crtn.o
                0x0800a2b0                        . = ALIGN (0x4)
                0x0800a2b0                        _etext = .

.vfp11_veneer   0x0800a2b0        0x0
 .vfp11_veneer  0x0800a2b0        0x0 linker stubs

.v4_bx          0x0800a2b0        0x0
 .v4_bx         0x0800a2b0        0x0 linker stubs

.iplt           0x0800a2b0        0x0
 .iplt          0x0800a2b0        0x0 /opt/st/stm32cubeide_1.14.0/plugins/com.st.stm32cube.ide.mcu.externaltools.gnu-tools-for-stm32.12.3.rel1.linux64_1.0.100.202403111256/tools/bin/../lib/gcc/arm-none-eabi/12.3.1/thumb/v7e-m+fp/hard/crtbegin.o

.rodata         0x0800a2b0      0x5d4
                0x0800a2b0                        . = ALIGN (0x4)
 *(.rodata)
 .rodata        0x0800a2b0        0x7 ./Core/Src/main.o
 *fill*         0x0800a2b7        0x1 
 .rodata        0x0800a2b8      0x541 ./MEMS/App/app_mems.o
 *(.rodata*)
 *fill*         0x0800a7f9        0x3 
 .rodata.AHBPrescTable
                0x0800a7fc       0x10 ./Core/Src/system_stm32g4xx.o
                0x0800a7fc                AHBPrescTable
 .rodata.APBPrescTable
                0x0800a80c        0x8 ./Core/Src/system_stm32g4xx.o
                0x0800a80c                APBPrescTable
 .rodata.LedGpioInit.4
                0x0800a814        0x4 ./Drivers/BSP/STM32G4xx_Nucleo/stm32g4xx_nucleo.o
 .rodata.ButtonGpioInit.3
                0x0800a818        0x4 ./Drivers/BSP/STM32G4xx_Nucleo/stm32g4xx_nucleo.o
 .rodata.BUTTON_EXTI_LINE.2
                0x0800a81c        0x4 ./Drivers/BSP/STM32G4xx_Nucleo/stm32g4xx_nucleo.o
 .rodata.ButtonCallback.1
                0x0800a820        0x4 ./Drivers/BSP/STM32G4xx_Nucleo/stm32g4xx_nucleo.o
 .rodata.BSP_BUTTON_PRIO.0
                0x0800a824        0x4 ./Drivers/BSP/STM32G4xx_Nucleo/stm32g4xx_nucleo.o
 .rodata.UARTPrescTable
                0x0800a828       0x18 ./Drivers/STM32G4xx_HAL_Driver/Src/stm32g4xx_hal_uart.o
                0x0800a828                UARTPrescTable
 .rodata.numerator.1
                0x0800a840        0x8 ./Drivers/STM32G4xx_HAL_Driver/Src/stm32g4xx_hal_uart_ex.o
 .rodata.denominator.0
                0x0800a848        0x8 ./Drivers/STM32G4xx_HAL_Driver/Src/stm32g4xx_hal_uart_ex.o
 .rodata._svfprintf_r.str1.1
                0x0800a850       0x11 /opt/st/stm32cubeide_1.14.0/plugins/com.st.stm32cube.ide.mcu.externaltools.gnu-tools-for-stm32.12.3.rel1.linux64_1.0.100.202403111256/tools/bin/../lib/gcc/arm-none-eabi/12.3.1/../../../../arm-none-eabi/lib/thumb/v7e-m+fp/hard/libc_nano.a(libc_a-nano-svfprintf.o)
 .rodata._vfprintf_r.str1.1
                0x0800a861       0x11 /opt/st/stm32cubeide_1.14.0/plugins/com.st.stm32cube.ide.mcu.externaltools.gnu-tools-for-stm32.12.3.rel1.linux64_1.0.100.202403111256/tools/bin/../lib/gcc/arm-none-eabi/12.3.1/../../../../arm-none-eabi/lib/thumb/v7e-m+fp/hard/libc_nano.a(libc_a-nano-vfprintf.o)
 .rodata._printf_i.str1.1
                0x0800a861       0x22 /opt/st/stm32cubeide_1.14.0/plugins/com.st.stm32cube.ide.mcu.externaltools.gnu-tools-for-stm32.12.3.rel1.linux64_1.0.100.202403111256/tools/bin/../lib/gcc/arm-none-eabi/12.3.1/../../../../arm-none-eabi/lib/thumb/v7e-m+fp/hard/libc_nano.a(libc_a-nano-vfprintf_i.o)
                0x0800a884                        . = ALIGN (0x4)
 *fill*         0x0800a883        0x1 

.ARM.extab      0x0800a884        0x0
                0x0800a884                        . = ALIGN (0x4)
 *(.ARM.extab* .gnu.linkonce.armextab.*)
                0x0800a884                        . = ALIGN (0x4)

.ARM            0x0800a884        0x8
                0x0800a884                        . = ALIGN (0x4)
                0x0800a884                        __exidx_start = .
 *(.ARM.exidx*)
 .ARM.exidx     0x0800a884        0x8 /opt/st/stm32cubeide_1.14.0/plugins/com.st.stm32cube.ide.mcu.externaltools.gnu-tools-for-stm32.12.3.rel1.linux64_1.0.100.202403111256/tools/bin/../lib/gcc/arm-none-eabi/12.3.1/../../../../arm-none-eabi/lib/thumb/v7e-m+fp/hard/libc_nano.a(libc_a-memchr.o)
 .ARM.exidx     0x0800a88c        0x0 /opt/st/stm32cubeide_1.14.0/plugins/com.st.stm32cube.ide.mcu.externaltools.gnu-tools-for-stm32.12.3.rel1.linux64_1.0.100.202403111256/tools/bin/../lib/gcc/arm-none-eabi/12.3.1/thumb/v7e-m+fp/hard/libgcc.a(_udivmoddi4.o)
                                  0x8 (size before relaxing)
                0x0800a88c                        __exidx_end = .
                0x0800a88c                        . = ALIGN (0x4)

.preinit_array  0x0800a88c        0x0
                0x0800a88c                        . = ALIGN (0x4)
                0x0800a88c                        PROVIDE (__preinit_array_start = .)
 *(.preinit_array*)
                0x0800a88c                        PROVIDE (__preinit_array_end = .)
                0x0800a88c                        . = ALIGN (0x4)

.init_array     0x0800a88c        0x4
                0x0800a88c                        . = ALIGN (0x4)
                0x0800a88c                        PROVIDE (__init_array_start = .)
 *(SORT_BY_NAME(.init_array.*))
 *(.init_array*)
 .init_array    0x0800a88c        0x4 /opt/st/stm32cubeide_1.14.0/plugins/com.st.stm32cube.ide.mcu.externaltools.gnu-tools-for-stm32.12.3.rel1.linux64_1.0.100.202403111256/tools/bin/../lib/gcc/arm-none-eabi/12.3.1/thumb/v7e-m+fp/hard/crtbegin.o
                0x0800a890                        PROVIDE (__init_array_end = .)
                0x0800a890                        . = ALIGN (0x4)

.fini_array     0x0800a890        0x4
                0x0800a890                        . = ALIGN (0x4)
                [!provide]                        PROVIDE (__fini_array_start = .)
 *(SORT_BY_NAME(.fini_array.*))
 *(.fini_array*)
 .fini_array    0x0800a890        0x4 /opt/st/stm32cubeide_1.14.0/plugins/com.st.stm32cube.ide.mcu.externaltools.gnu-tools-for-stm32.12.3.rel1.linux64_1.0.100.202403111256/tools/bin/../lib/gcc/arm-none-eabi/12.3.1/thumb/v7e-m+fp/hard/crtbegin.o
                [!provide]                        PROVIDE (__fini_array_end = .)
                0x0800a894                        . = ALIGN (0x4)
                0x0800a894                        _sidata = LOADADDR (.data)

.rel.dyn        0x0800a894        0x0
 .rel.iplt      0x0800a894        0x0 /opt/st/stm32cubeide_1.14.0/plugins/com.st.stm32cube.ide.mcu.externaltools.gnu-tools-for-stm32.12.3.rel1.linux64_1.0.100.202403111256/tools/bin/../lib/gcc/arm-none-eabi/12.3.1/thumb/v7e-m+fp/hard/crtbegin.o

.data           0x20000000       0xf8 load address 0x0800a894
                0x20000000                        . = ALIGN (0x4)
                0x20000000                        _sdata = .
 *(.data)
 *(.data*)
 .data.SystemCoreClock
                0x20000000        0x4 ./Core/Src/system_stm32g4xx.o
                0x20000000                SystemCoreClock
 .data.LSM6DSO_COMMON_Driver
                0x20000004       0x10 ./Drivers/BSP/Components/lsm6dso/lsm6dso.o
                0x20000004                LSM6DSO_COMMON_Driver
 .data.LSM6DSO_ACC_Driver
                0x20000014       0x24 ./Drivers/BSP/Components/lsm6dso/lsm6dso.o
                0x20000014                LSM6DSO_ACC_Driver
 .data.LSM6DSO_GYRO_Driver
                0x20000038       0x24 ./Drivers/BSP/Components/lsm6dso/lsm6dso.o
                0x20000038                LSM6DSO_GYRO_Driver
 .data.BUTTON_PORT
                0x2000005c        0x4 ./Drivers/BSP/STM32G4xx_Nucleo/stm32g4xx_nucleo.o
 .data.hpb_exti
                0x20000060        0x8 ./Drivers/BSP/STM32G4xx_Nucleo/stm32g4xx_nucleo.o
                0x20000060                hpb_exti
 .data.COM_USART
                0x20000068        0x4 ./Drivers/BSP/STM32G4xx_Nucleo/stm32g4xx_nucleo.o
                0x20000068                COM_USART
 .data.uwTickPrio
                0x2000006c        0x4 ./Drivers/STM32G4xx_HAL_Driver/Src/stm32g4xx_hal.o
                0x2000006c                uwTickPrio
 .data.uwTickFreq
                0x20000070        0x4 ./Drivers/STM32G4xx_HAL_Driver/Src/stm32g4xx_hal.o
                0x20000070                uwTickFreq
 .data.hexti1   0x20000074        0x8 ./MEMS/Target/app_mems_int_pin_a_interface.o
                0x20000074                hexti1
 .data.FunctionIndex
                0x2000007c       0x20 ./MEMS/Target/custom_motion_sensors.o
 .data.__sglue  0x2000009c        0xc /opt/st/stm32cubeide_1.14.0/plugins/com.st.stm32cube.ide.mcu.externaltools.gnu-tools-for-stm32.12.3.rel1.linux64_1.0.100.202403111256/tools/bin/../lib/gcc/arm-none-eabi/12.3.1/../../../../arm-none-eabi/lib/thumb/v7e-m+fp/hard/libc_nano.a(libc_a-findfp.o)
                0x2000009c                __sglue
 .data._impure_ptr
                0x200000a8        0x4 /opt/st/stm32cubeide_1.14.0/plugins/com.st.stm32cube.ide.mcu.externaltools.gnu-tools-for-stm32.12.3.rel1.linux64_1.0.100.202403111256/tools/bin/../lib/gcc/arm-none-eabi/12.3.1/../../../../arm-none-eabi/lib/thumb/v7e-m+fp/hard/libc_nano.a(libc_a-impure.o)
                0x200000a8                _impure_ptr
 .data._impure_data
                0x200000ac       0x4c /opt/st/stm32cubeide_1.14.0/plugins/com.st.stm32cube.ide.mcu.externaltools.gnu-tools-for-stm32.12.3.rel1.linux64_1.0.100.202403111256/tools/bin/../lib/gcc/arm-none-eabi/12.3.1/../../../../arm-none-eabi/lib/thumb/v7e-m+fp/hard/libc_nano.a(libc_a-impure.o)
                0x200000ac                _impure_data
 *(.RamFunc)
 *(.RamFunc*)
                0x200000f8                        . = ALIGN (0x4)
                0x200000f8                        _edata = .

.igot.plt       0x200000f8        0x0 load address 0x0800a98c
 .igot.plt      0x200000f8        0x0 /opt/st/stm32cubeide_1.14.0/plugins/com.st.stm32cube.ide.mcu.externaltools.gnu-tools-for-stm32.12.3.rel1.linux64_1.0.100.202403111256/tools/bin/../lib/gcc/arm-none-eabi/12.3.1/thumb/v7e-m+fp/hard/crtbegin.o
                0x200000f8                        . = ALIGN (0x4)

.bss            0x200000f8      0x428 load address 0x0800a98c
                0x200000f8                        _sbss = .
                0x200000f8                        __bss_start__ = _sbss
 *(.bss)
 .bss           0x200000f8       0x1c /opt/st/stm32cubeide_1.14.0/plugins/com.st.stm32cube.ide.mcu.externaltools.gnu-tools-for-stm32.12.3.rel1.linux64_1.0.100.202403111256/tools/bin/../lib/gcc/arm-none-eabi/12.3.1/thumb/v7e-m+fp/hard/crtbegin.o
 *(.bss*)
 .bss.hfdcan1   0x20000114       0x64 ./Core/Src/main.o
                0x20000114                hfdcan1
 .bss.hspi1     0x20000178       0x64 ./Core/Src/stm32g4xx_nucleo_bus.o
                0x20000178                hspi1
 .bss.SPI1InitCounter
                0x200001dc        0x4 ./Core/Src/stm32g4xx_nucleo_bus.o
 .bss.__sbrk_heap_end
                0x200001e0        0x4 ./Core/Src/sysmem.o
 .bss.hcom_uart
                0x200001e4       0x94 ./Drivers/BSP/STM32G4xx_Nucleo/stm32g4xx_nucleo.o
                0x200001e4                hcom_uart
 .bss.uwTick    0x20000278        0x4 ./Drivers/STM32G4xx_HAL_Driver/Src/stm32g4xx_hal.o
                0x20000278                uwTick
 .bss.MemsEventDetected
                0x2000027c        0x1 ./MEMS/App/app_mems.o
                0x2000027c                MemsEventDetected
 .bss.PushButtonDetected
                0x2000027d        0x1 ./MEMS/App/app_mems.o
 .bss.SendOrientationRequest
                0x2000027e        0x1 ./MEMS/App/app_mems.o
 *fill*         0x2000027f        0x1 
 .bss.dataOut   0x20000280      0x100 ./MEMS/App/app_mems.o
 .bss.PushButtonState
                0x20000380        0x4 ./MEMS/App/app_mems.o
 .bss.MotionCompObj
                0x20000384        0x4 ./MEMS/Target/custom_motion_sensors.o
                0x20000384                MotionCompObj
 .bss.MotionFuncDrv
                0x20000388        0xc ./MEMS/Target/custom_motion_sensors.o
 .bss.MotionDrv
                0x20000394        0x4 ./MEMS/Target/custom_motion_sensors.o
 .bss.MotionCtx
                0x20000398        0x4 ./MEMS/Target/custom_motion_sensors.o
 .bss.lsm6dso_obj_0.0
                0x2000039c       0x38 ./MEMS/Target/custom_motion_sensors.o
 .bss.__sf      0x200003d4      0x138 /opt/st/stm32cubeide_1.14.0/plugins/com.st.stm32cube.ide.mcu.externaltools.gnu-tools-for-stm32.12.3.rel1.linux64_1.0.100.202403111256/tools/bin/../lib/gcc/arm-none-eabi/12.3.1/../../../../arm-none-eabi/lib/thumb/v7e-m+fp/hard/libc_nano.a(libc_a-findfp.o)
                0x200003d4                __sf
 .bss.__stdio_exit_handler
                0x2000050c        0x4 /opt/st/stm32cubeide_1.14.0/plugins/com.st.stm32cube.ide.mcu.externaltools.gnu-tools-for-stm32.12.3.rel1.linux64_1.0.100.202403111256/tools/bin/../lib/gcc/arm-none-eabi/12.3.1/../../../../arm-none-eabi/lib/thumb/v7e-m+fp/hard/libc_nano.a(libc_a-findfp.o)
                0x2000050c                __stdio_exit_handler
 .bss.errno     0x20000510        0x4 /opt/st/stm32cubeide_1.14.0/plugins/com.st.stm32cube.ide.mcu.externaltools.gnu-tools-for-stm32.12.3.rel1.linux64_1.0.100.202403111256/tools/bin/../lib/gcc/arm-none-eabi/12.3.1/../../../../arm-none-eabi/lib/thumb/v7e-m+fp/hard/libc_nano.a(libc_a-reent.o)
                0x20000510                errno
 .bss.__lock___malloc_recursive_mutex
                0x20000514        0x1 /opt/st/stm32cubeide_1.14.0/plugins/com.st.stm32cube.ide.mcu.externaltools.gnu-tools-for-stm32.12.3.rel1.linux64_1.0.100.202403111256/tools/bin/../lib/gcc/arm-none-eabi/12.3.1/../../../../arm-none-eabi/lib/thumb/v7e-m+fp/hard/libc_nano.a(libc_a-lock.o)
                0x20000514                __lock___malloc_recursive_mutex
 .bss.__lock___sfp_recursive_mutex
                0x20000515        0x1 /opt/st/stm32cubeide_1.14.0/plugins/com.st.stm32cube.ide.mcu.externaltools.gnu-tools-for-stm32.12.3.rel1.linux64_1.0.100.202403111256/tools/bin/../lib/gcc/arm-none-eabi/12.3.1/../../../../arm-none-eabi/lib/thumb/v7e-m+fp/hard/libc_nano.a(libc_a-lock.o)
                0x20000515                __lock___sfp_recursive_mutex
 *fill*         0x20000516        0x2 
 .bss.__malloc_sbrk_start
                0x20000518        0x4 /opt/st/stm32cubeide_1.14.0/plugins/com.st.stm32cube.ide.mcu.externaltools.gnu-tools-for-stm32.12.3.rel1.linux64_1.0.100.202403111256/tools/bin/../lib/gcc/arm-none-eabi/12.3.1/../../../../arm-none-eabi/lib/thumb/v7e-m+fp/hard/libc_nano.a(libc_a-mallocr.o)
                0x20000518                __malloc_sbrk_start
 .bss.__malloc_free_list
                0x2000051c        0x4 /opt/st/stm32cubeide_1.14.0/plugins/com.st.stm32cube.ide.mcu.externaltools.gnu-tools-for-stm32.12.3.rel1.linux64_1.0.100.202403111256/tools/bin/../lib/gcc/arm-none-eabi/12.3.1/../../../../arm-none-eabi/lib/thumb/v7e-m+fp/hard/libc_nano.a(libc_a-mallocr.o)
                0x2000051c                __malloc_free_list
 *(COMMON)
                0x20000520                        . = ALIGN (0x4)
                0x20000520                        _ebss = .
                0x20000520                        __bss_end__ = _ebss

._user_heap_stack
                0x20000520      0x600 load address 0x0800a98c
                0x20000520                        . = ALIGN (0x8)
                [!provide]                        PROVIDE (end = .)
                0x20000520                        PROVIDE (_end = .)
                0x20000720                        . = (. + _Min_Heap_Size)
 *fill*         0x20000520      0x200 
                0x20000b20                        . = (. + _Min_Stack_Size)
 *fill*         0x20000720      0x400 
                0x20000b20                        . = ALIGN (0x8)

/DISCARD/
 libc.a(*)
 libm.a(*)
 libgcc.a(*)

.ARM.attributes
                0x00000000       0x30
 *(.ARM.attributes)
 .ARM.attributes
                0x00000000       0x22 /opt/st/stm32cubeide_1.14.0/plugins/com.st.stm32cube.ide.mcu.externaltools.gnu-tools-for-stm32.12.3.rel1.linux64_1.0.100.202403111256/tools/bin/../lib/gcc/arm-none-eabi/12.3.1/thumb/v7e-m+fp/hard/crti.o
 .ARM.attributes
                0x00000022       0x34 /opt/st/stm32cubeide_1.14.0/plugins/com.st.stm32cube.ide.mcu.externaltools.gnu-tools-for-stm32.12.3.rel1.linux64_1.0.100.202403111256/tools/bin/../lib/gcc/arm-none-eabi/12.3.1/thumb/v7e-m+fp/hard/crtbegin.o
 .ARM.attributes
                0x00000056       0x34 ./Core/Src/main.o
 .ARM.attributes
                0x0000008a       0x34 ./Core/Src/stm32g4xx_hal_msp.o
 .ARM.attributes
                0x000000be       0x34 ./Core/Src/stm32g4xx_it.o
 .ARM.attributes
                0x000000f2       0x34 ./Core/Src/stm32g4xx_nucleo_bus.o
 .ARM.attributes
                0x00000126       0x34 ./Core/Src/syscalls.o
 .ARM.attributes
                0x0000015a       0x34 ./Core/Src/sysmem.o
 .ARM.attributes
                0x0000018e       0x34 ./Core/Src/system_stm32g4xx.o
 .ARM.attributes
                0x000001c2       0x21 ./Core/Startup/startup_stm32g431kbtx.o
 .ARM.attributes
                0x000001e3       0x34 ./Drivers/BSP/Components/lsm6dso/lsm6dso.o
 .ARM.attributes
                0x00000217       0x34 ./Drivers/BSP/Components/lsm6dso/lsm6dso_reg.o
 .ARM.attributes
                0x0000024b       0x34 ./Drivers/BSP/STM32G4xx_Nucleo/stm32g4xx_nucleo.o
 .ARM.attributes
                0x0000027f       0x34 ./Drivers/STM32G4xx_HAL_Driver/Src/stm32g4xx_hal.o
 .ARM.attributes
                0x000002b3       0x34 ./Drivers/STM32G4xx_HAL_Driver/Src/stm32g4xx_hal_cortex.o
 .ARM.attributes
                0x000002e7       0x34 ./Drivers/STM32G4xx_HAL_Driver/Src/stm32g4xx_hal_exti.o
 .ARM.attributes
                0x0000031b       0x34 ./Drivers/STM32G4xx_HAL_Driver/Src/stm32g4xx_hal_fdcan.o
 .ARM.attributes
                0x0000034f       0x34 ./Drivers/STM32G4xx_HAL_Driver/Src/stm32g4xx_hal_gpio.o
 .ARM.attributes
                0x00000383       0x34 ./Drivers/STM32G4xx_HAL_Driver/Src/stm32g4xx_hal_pwr_ex.o
 .ARM.attributes
                0x000003b7       0x34 ./Drivers/STM32G4xx_HAL_Driver/Src/stm32g4xx_hal_rcc.o
 .ARM.attributes
                0x000003eb       0x34 ./Drivers/STM32G4xx_HAL_Driver/Src/stm32g4xx_hal_rcc_ex.o
 .ARM.attributes
                0x0000041f       0x34 ./Drivers/STM32G4xx_HAL_Driver/Src/stm32g4xx_hal_spi.o
 .ARM.attributes
                0x00000453       0x34 ./Drivers/STM32G4xx_HAL_Driver/Src/stm32g4xx_hal_uart.o
 .ARM.attributes
                0x00000487       0x34 ./Drivers/STM32G4xx_HAL_Driver/Src/stm32g4xx_hal_uart_ex.o
 .ARM.attributes
                0x000004bb       0x34 ./MEMS/App/app_mems.o
 .ARM.attributes
                0x000004ef       0x34 ./MEMS/Target/app_mems_int_pin_a_interface.o
 .ARM.attributes
                0x00000523       0x34 ./MEMS/Target/custom_motion_sensors.o
 .ARM.attributes
                0x00000557       0x34 ./MEMS/Target/custom_motion_sensors_ex.o
 .ARM.attributes
                0x0000058b       0x34 /opt/st/stm32cubeide_1.14.0/plugins/com.st.stm32cube.ide.mcu.externaltools.gnu-tools-for-stm32.12.3.rel1.linux64_1.0.100.202403111256/tools/bin/../lib/gcc/arm-none-eabi/12.3.1/../../../../arm-none-eabi/lib/thumb/v7e-m+fp/hard/libc_nano.a(libc_a-findfp.o)
 .ARM.attributes
                0x000005bf       0x34 /opt/st/stm32cubeide_1.14.0/plugins/com.st.stm32cube.ide.mcu.externaltools.gnu-tools-for-stm32.12.3.rel1.linux64_1.0.100.202403111256/tools/bin/../lib/gcc/arm-none-eabi/12.3.1/../../../../arm-none-eabi/lib/thumb/v7e-m+fp/hard/libc_nano.a(libc_a-fwalk.o)
 .ARM.attributes
                0x000005f3       0x34 /opt/st/stm32cubeide_1.14.0/plugins/com.st.stm32cube.ide.mcu.externaltools.gnu-tools-for-stm32.12.3.rel1.linux64_1.0.100.202403111256/tools/bin/../lib/gcc/arm-none-eabi/12.3.1/../../../../arm-none-eabi/lib/thumb/v7e-m+fp/hard/libc_nano.a(libc_a-printf.o)
 .ARM.attributes
                0x00000627       0x34 /opt/st/stm32cubeide_1.14.0/plugins/com.st.stm32cube.ide.mcu.externaltools.gnu-tools-for-stm32.12.3.rel1.linux64_1.0.100.202403111256/tools/bin/../lib/gcc/arm-none-eabi/12.3.1/../../../../arm-none-eabi/lib/thumb/v7e-m+fp/hard/libc_nano.a(libc_a-puts.o)
 .ARM.attributes
                0x0000065b       0x34 /opt/st/stm32cubeide_1.14.0/plugins/com.st.stm32cube.ide.mcu.externaltools.gnu-tools-for-stm32.12.3.rel1.linux64_1.0.100.202403111256/tools/bin/../lib/gcc/arm-none-eabi/12.3.1/../../../../arm-none-eabi/lib/thumb/v7e-m+fp/hard/libc_nano.a(libc_a-snprintf.o)
 .ARM.attributes
                0x0000068f       0x34 /opt/st/stm32cubeide_1.14.0/plugins/com.st.stm32cube.ide.mcu.externaltools.gnu-tools-for-stm32.12.3.rel1.linux64_1.0.100.202403111256/tools/bin/../lib/gcc/arm-none-eabi/12.3.1/../../../../arm-none-eabi/lib/thumb/v7e-m+fp/hard/libc_nano.a(libc_a-stdio.o)
 .ARM.attributes
                0x000006c3       0x34 /opt/st/stm32cubeide_1.14.0/plugins/com.st.stm32cube.ide.mcu.externaltools.gnu-tools-for-stm32.12.3.rel1.linux64_1.0.100.202403111256/tools/bin/../lib/gcc/arm-none-eabi/12.3.1/../../../../arm-none-eabi/lib/thumb/v7e-m+fp/hard/libc_nano.a(libc_a-wbuf.o)
 .ARM.attributes
                0x000006f7       0x34 /opt/st/stm32cubeide_1.14.0/plugins/com.st.stm32cube.ide.mcu.externaltools.gnu-tools-for-stm32.12.3.rel1.linux64_1.0.100.202403111256/tools/bin/../lib/gcc/arm-none-eabi/12.3.1/../../../../arm-none-eabi/lib/thumb/v7e-m+fp/hard/libc_nano.a(libc_a-wsetup.o)
 .ARM.attributes
                0x0000072b       0x34 /opt/st/stm32cubeide_1.14.0/plugins/com.st.stm32cube.ide.mcu.externaltools.gnu-tools-for-stm32.12.3.rel1.linux64_1.0.100.202403111256/tools/bin/../lib/gcc/arm-none-eabi/12.3.1/../../../../arm-none-eabi/lib/thumb/v7e-m+fp/hard/libc_nano.a(libc_a-memset.o)
 .ARM.attributes
                0x0000075f       0x34 /opt/st/stm32cubeide_1.14.0/plugins/com.st.stm32cube.ide.mcu.externaltools.gnu-tools-for-stm32.12.3.rel1.linux64_1.0.100.202403111256/tools/bin/../lib/gcc/arm-none-eabi/12.3.1/../../../../arm-none-eabi/lib/thumb/v7e-m+fp/hard/libc_nano.a(libc_a-closer.o)
 .ARM.attributes
                0x00000793       0x34 /opt/st/stm32cubeide_1.14.0/plugins/com.st.stm32cube.ide.mcu.externaltools.gnu-tools-for-stm32.12.3.rel1.linux64_1.0.100.202403111256/tools/bin/../lib/gcc/arm-none-eabi/12.3.1/../../../../arm-none-eabi/lib/thumb/v7e-m+fp/hard/libc_nano.a(libc_a-reent.o)
 .ARM.attributes
                0x000007c7       0x34 /opt/st/stm32cubeide_1.14.0/plugins/com.st.stm32cube.ide.mcu.externaltools.gnu-tools-for-stm32.12.3.rel1.linux64_1.0.100.202403111256/tools/bin/../lib/gcc/arm-none-eabi/12.3.1/../../../../arm-none-eabi/lib/thumb/v7e-m+fp/hard/libc_nano.a(libc_a-impure.o)
 .ARM.attributes
                0x000007fb       0x34 /opt/st/stm32cubeide_1.14.0/plugins/com.st.stm32cube.ide.mcu.externaltools.gnu-tools-for-stm32.12.3.rel1.linux64_1.0.100.202403111256/tools/bin/../lib/gcc/arm-none-eabi/12.3.1/../../../../arm-none-eabi/lib/thumb/v7e-m+fp/hard/libc_nano.a(libc_a-lseekr.o)
 .ARM.attributes
                0x0000082f       0x34 /opt/st/stm32cubeide_1.14.0/plugins/com.st.stm32cube.ide.mcu.externaltools.gnu-tools-for-stm32.12.3.rel1.linux64_1.0.100.202403111256/tools/bin/../lib/gcc/arm-none-eabi/12.3.1/../../../../arm-none-eabi/lib/thumb/v7e-m+fp/hard/libc_nano.a(libc_a-readr.o)
 .ARM.attributes
                0x00000863       0x34 /opt/st/stm32cubeide_1.14.0/plugins/com.st.stm32cube.ide.mcu.externaltools.gnu-tools-for-stm32.12.3.rel1.linux64_1.0.100.202403111256/tools/bin/../lib/gcc/arm-none-eabi/12.3.1/../../../../arm-none-eabi/lib/thumb/v7e-m+fp/hard/libc_nano.a(libc_a-writer.o)
 .ARM.attributes
                0x00000897       0x34 /opt/st/stm32cubeide_1.14.0/plugins/com.st.stm32cube.ide.mcu.externaltools.gnu-tools-for-stm32.12.3.rel1.linux64_1.0.100.202403111256/tools/bin/../lib/gcc/arm-none-eabi/12.3.1/../../../../arm-none-eabi/lib/thumb/v7e-m+fp/hard/libc_nano.a(libc_a-errno.o)
 .ARM.attributes
                0x000008cb       0x34 /opt/st/stm32cubeide_1.14.0/plugins/com.st.stm32cube.ide.mcu.externaltools.gnu-tools-for-stm32.12.3.rel1.linux64_1.0.100.202403111256/tools/bin/../lib/gcc/arm-none-eabi/12.3.1/../../../../arm-none-eabi/lib/thumb/v7e-m+fp/hard/libc_nano.a(libc_a-init.o)
 .ARM.attributes
                0x000008ff       0x34 /opt/st/stm32cubeide_1.14.0/plugins/com.st.stm32cube.ide.mcu.externaltools.gnu-tools-for-stm32.12.3.rel1.linux64_1.0.100.202403111256/tools/bin/../lib/gcc/arm-none-eabi/12.3.1/../../../../arm-none-eabi/lib/thumb/v7e-m+fp/hard/libc_nano.a(libc_a-lock.o)
 .ARM.attributes
                0x00000933       0x34 /opt/st/stm32cubeide_1.14.0/plugins/com.st.stm32cube.ide.mcu.externaltools.gnu-tools-for-stm32.12.3.rel1.linux64_1.0.100.202403111256/tools/bin/../lib/gcc/arm-none-eabi/12.3.1/../../../../arm-none-eabi/lib/thumb/v7e-m+fp/hard/libc_nano.a(libc_a-freer.o)
 .ARM.attributes
                0x00000967       0x34 /opt/st/stm32cubeide_1.14.0/plugins/com.st.stm32cube.ide.mcu.externaltools.gnu-tools-for-stm32.12.3.rel1.linux64_1.0.100.202403111256/tools/bin/../lib/gcc/arm-none-eabi/12.3.1/../../../../arm-none-eabi/lib/thumb/v7e-m+fp/hard/libc_nano.a(libc_a-mallocr.o)
 .ARM.attributes
                0x0000099b       0x34 /opt/st/stm32cubeide_1.14.0/plugins/com.st.stm32cube.ide.mcu.externaltools.gnu-tools-for-stm32.12.3.rel1.linux64_1.0.100.202403111256/tools/bin/../lib/gcc/arm-none-eabi/12.3.1/../../../../arm-none-eabi/lib/thumb/v7e-m+fp/hard/libc_nano.a(libc_a-mlock.o)
 .ARM.attributes
                0x000009cf       0x34 /opt/st/stm32cubeide_1.14.0/plugins/com.st.stm32cube.ide.mcu.externaltools.gnu-tools-for-stm32.12.3.rel1.linux64_1.0.100.202403111256/tools/bin/../lib/gcc/arm-none-eabi/12.3.1/../../../../arm-none-eabi/lib/thumb/v7e-m+fp/hard/libc_nano.a(libc_a-nano-svfprintf.o)
 .ARM.attributes
                0x00000a03       0x34 /opt/st/stm32cubeide_1.14.0/plugins/com.st.stm32cube.ide.mcu.externaltools.gnu-tools-for-stm32.12.3.rel1.linux64_1.0.100.202403111256/tools/bin/../lib/gcc/arm-none-eabi/12.3.1/../../../../arm-none-eabi/lib/thumb/v7e-m+fp/hard/libc_nano.a(libc_a-nano-vfprintf.o)
 .ARM.attributes
                0x00000a37       0x34 /opt/st/stm32cubeide_1.14.0/plugins/com.st.stm32cube.ide.mcu.externaltools.gnu-tools-for-stm32.12.3.rel1.linux64_1.0.100.202403111256/tools/bin/../lib/gcc/arm-none-eabi/12.3.1/../../../../arm-none-eabi/lib/thumb/v7e-m+fp/hard/libc_nano.a(libc_a-nano-vfprintf_i.o)
 .ARM.attributes
                0x00000a6b       0x34 /opt/st/stm32cubeide_1.14.0/plugins/com.st.stm32cube.ide.mcu.externaltools.gnu-tools-for-stm32.12.3.rel1.linux64_1.0.100.202403111256/tools/bin/../lib/gcc/arm-none-eabi/12.3.1/../../../../arm-none-eabi/lib/thumb/v7e-m+fp/hard/libc_nano.a(libc_a-fflush.o)
 .ARM.attributes
                0x00000a9f       0x34 /opt/st/stm32cubeide_1.14.0/plugins/com.st.stm32cube.ide.mcu.externaltools.gnu-tools-for-stm32.12.3.rel1.linux64_1.0.100.202403111256/tools/bin/../lib/gcc/arm-none-eabi/12.3.1/../../../../arm-none-eabi/lib/thumb/v7e-m+fp/hard/libc_nano.a(libc_a-makebuf.o)
 .ARM.attributes
                0x00000ad3       0x34 /opt/st/stm32cubeide_1.14.0/plugins/com.st.stm32cube.ide.mcu.externaltools.gnu-tools-for-stm32.12.3.rel1.linux64_1.0.100.202403111256/tools/bin/../lib/gcc/arm-none-eabi/12.3.1/../../../../arm-none-eabi/lib/thumb/v7e-m+fp/hard/libc_nano.a(libc_a-memmove.o)
 .ARM.attributes
                0x00000b07       0x34 /opt/st/stm32cubeide_1.14.0/plugins/com.st.stm32cube.ide.mcu.externaltools.gnu-tools-for-stm32.12.3.rel1.linux64_1.0.100.202403111256/tools/bin/../lib/gcc/arm-none-eabi/12.3.1/../../../../arm-none-eabi/lib/thumb/v7e-m+fp/hard/libc_nano.a(libc_a-fstatr.o)
 .ARM.attributes
                0x00000b3b       0x34 /opt/st/stm32cubeide_1.14.0/plugins/com.st.stm32cube.ide.mcu.externaltools.gnu-tools-for-stm32.12.3.rel1.linux64_1.0.100.202403111256/tools/bin/../lib/gcc/arm-none-eabi/12.3.1/../../../../arm-none-eabi/lib/thumb/v7e-m+fp/hard/libc_nano.a(libc_a-isattyr.o)
 .ARM.attributes
                0x00000b6f       0x34 /opt/st/stm32cubeide_1.14.0/plugins/com.st.stm32cube.ide.mcu.externaltools.gnu-tools-for-stm32.12.3.rel1.linux64_1.0.100.202403111256/tools/bin/../lib/gcc/arm-none-eabi/12.3.1/../../../../arm-none-eabi/lib/thumb/v7e-m+fp/hard/libc_nano.a(libc_a-sbrkr.o)
 .ARM.attributes
                0x00000ba3       0x1c /opt/st/stm32cubeide_1.14.0/plugins/com.st.stm32cube.ide.mcu.externaltools.gnu-tools-for-stm32.12.3.rel1.linux64_1.0.100.202403111256/tools/bin/../lib/gcc/arm-none-eabi/12.3.1/../../../../arm-none-eabi/lib/thumb/v7e-m+fp/hard/libc_nano.a(libc_a-memchr.o)
 .ARM.attributes
                0x00000bbf       0x34 /opt/st/stm32cubeide_1.14.0/plugins/com.st.stm32cube.ide.mcu.externaltools.gnu-tools-for-stm32.12.3.rel1.linux64_1.0.100.202403111256/tools/bin/../lib/gcc/arm-none-eabi/12.3.1/../../../../arm-none-eabi/lib/thumb/v7e-m+fp/hard/libc_nano.a(libc_a-memcpy-stub.o)
 .ARM.attributes
                0x00000bf3       0x34 /opt/st/stm32cubeide_1.14.0/plugins/com.st.stm32cube.ide.mcu.externaltools.gnu-tools-for-stm32.12.3.rel1.linux64_1.0.100.202403111256/tools/bin/../lib/gcc/arm-none-eabi/12.3.1/../../../../arm-none-eabi/lib/thumb/v7e-m+fp/hard/libc_nano.a(libc_a-reallocr.o)
 .ARM.attributes
                0x00000c27       0x34 /opt/st/stm32cubeide_1.14.0/plugins/com.st.stm32cube.ide.mcu.externaltools.gnu-tools-for-stm32.12.3.rel1.linux64_1.0.100.202403111256/tools/bin/../lib/gcc/arm-none-eabi/12.3.1/../../../../arm-none-eabi/lib/thumb/v7e-m+fp/hard/libc_nano.a(libc_a-msizer.o)
 .ARM.attributes
                0x00000c5b       0x22 /opt/st/stm32cubeide_1.14.0/plugins/com.st.stm32cube.ide.mcu.externaltools.gnu-tools-for-stm32.12.3.rel1.linux64_1.0.100.202403111256/tools/bin/../lib/gcc/arm-none-eabi/12.3.1/thumb/v7e-m+fp/hard/libgcc.a(_aeabi_uldivmod.o)
 .ARM.attributes
                0x00000c7d       0x34 /opt/st/stm32cubeide_1.14.0/plugins/com.st.stm32cube.ide.mcu.externaltools.gnu-tools-for-stm32.12.3.rel1.linux64_1.0.100.202403111256/tools/bin/../lib/gcc/arm-none-eabi/12.3.1/thumb/v7e-m+fp/hard/libgcc.a(_udivmoddi4.o)
 .ARM.attributes
                0x00000cb1       0x22 /opt/st/stm32cubeide_1.14.0/plugins/com.st.stm32cube.ide.mcu.externaltools.gnu-tools-for-stm32.12.3.rel1.linux64_1.0.100.202403111256/tools/bin/../lib/gcc/arm-none-eabi/12.3.1/thumb/v7e-m+fp/hard/libgcc.a(_dvmd_tls.o)
 .ARM.attributes
                0x00000cd3       0x22 /opt/st/stm32cubeide_1.14.0/plugins/com.st.stm32cube.ide.mcu.externaltools.gnu-tools-for-stm32.12.3.rel1.linux64_1.0.100.202403111256/tools/bin/../lib/gcc/arm-none-eabi/12.3.1/thumb/v7e-m+fp/hard/crtn.o
OUTPUT(IMU_board.elf elf32-littlearm)
LOAD linker stubs
LOAD /opt/st/stm32cubeide_1.14.0/plugins/com.st.stm32cube.ide.mcu.externaltools.gnu-tools-for-stm32.12.3.rel1.linux64_1.0.100.202403111256/tools/bin/../lib/gcc/arm-none-eabi/12.3.1/../../../../arm-none-eabi/lib/thumb/v7e-m+fp/hard/libc.a