../Drivers/CMSIS/Include/core_cm4.h:1933:34:void __NVIC_SystemReset()	4	static,ignoring_inline_asm
../Core/Src/main.cpp:93:6:int _write(int, uint8_t*, int)	32	static
../Core/Src/main.cpp:105:6:void transmit_imu_data(CUSTOM_MOTION_SENSOR_Axes_t, CUSTOM_MOTION_SENSOR_Axes_t)	112	static
../Core/Src/main.cpp:151:6:void Error_Handler_CAN_ok()	16	static
../Core/Src/main.cpp:171:6:void tx_ok_or_reset()	40	static
../Core/Inc/ChampiCan.h:13:7:constexpr ChampiCan& ChampiCan::operator=(const ChampiCan&)	24	static
../Core/Inc/ChampiState.h:19:7:constexpr ChampiState& ChampiState::operator=(const ChampiState&)	24	static
../Core/Src/main.cpp:196:6:void setup()	208	static
../Core/Src/main.cpp:227:6:void loop()	24	static
../Core/Src/main.cpp:255:5:int main()	8	static
../Core/Src/main.cpp:306:6:void SystemClock_Config()	88	static
../Core/Src/main.cpp:353:13:void MX_CRC_Init()	8	static
../Core/Src/main.cpp:384:13:void MX_FDCAN1_Init()	8	static
../Core/Src/main.cpp:427:13:void MX_USART2_UART_Init()	8	static
../Core/Src/main.cpp:475:13:void MX_GPIO_Init()	40	static
../Core/Src/main.cpp:536:6:void Error_Handler()	4	static,ignoring_inline_asm
../Core/Src/main.cpp:544:1:void __static_initialization_and_destruction_0(int, int)	16	static
../Core/Src/main.cpp:544:1:cpp)	8	static
../Core/Src/main.cpp:544:1:cpp)	8	static
